[2026-02-27T13:36:27.426+0000][52654][info][gc,init] CardTable entry size: 512
[2026-02-27T13:36:27.426+0000][52654][info][gc     ] Using G1
[2026-02-27T13:36:28.016+0000][52654][info][gc,init] Version: 21.0.1+12-29 (release)
[2026-02-27T13:36:28.016+0000][52654][info][gc,init] CPUs: 8 total, 8 available
[2026-02-27T13:36:28.016+0000][52654][info][gc,init] Memory: 15736M
[2026-02-27T13:36:28.016+0000][52654][info][gc,init] Large Page Support: Disabled
[2026-02-27T13:36:28.016+0000][52654][info][gc,init] NUMA Support: Disabled
[2026-02-27T13:36:28.016+0000][52654][info][gc,init] Compressed Oops: Enabled (Zero based)
[2026-02-27T13:36:28.016+0000][52654][info][gc,init] Heap Region Size: 4M
[2026-02-27T13:36:28.016+0000][52654][info][gc,init] Heap Min Capacity: 7868M
[2026-02-27T13:36:28.016+0000][52654][info][gc,init] Heap Initial Capacity: 7868M
[2026-02-27T13:36:28.016+0000][52654][info][gc,init] Heap Max Capacity: 7868M
[2026-02-27T13:36:28.016+0000][52654][info][gc,init] Pre-touch: Enabled
[2026-02-27T13:36:28.016+0000][52654][info][gc,init] Parallel Workers: 8
[2026-02-27T13:36:28.016+0000][52654][info][gc,init] Concurrent Workers: 2
[2026-02-27T13:36:28.016+0000][52654][info][gc,init] Concurrent Refinement Workers: 8
[2026-02-27T13:36:28.016+0000][52654][info][gc,init] Periodic GC: Disabled
[2026-02-27T13:36:28.021+0000][52654][info][gc,metaspace] CDS archive(s) mapped at: [0x000072299f000000-0x000072299fca5000-0x000072299fca5000), size 13258752, SharedBaseAddress: 0x000072299f000000, ArchiveRelocationMode: 1.
[2026-02-27T13:36:28.021+0000][52654][info][gc,metaspace] Compressed class space mapped at: 0x00007229a0000000-0x00007229e0000000, reserved size: 1073741824
[2026-02-27T13:36:28.021+0000][52654][info][gc,metaspace] Narrow klass base: 0x000072299f000000, Narrow klass shift: 0, Narrow klass range: 0x100000000
[2026-02-27T13:36:28.209+0000][52654][info][safepoint   ] Safepoint "ICBufferFull", Time since last: 184314400 ns, Reaching safepoint: 1860 ns, Cleanup: 54078 ns, At safepoint: 1786 ns, Total: 57724 ns
[2026-02-27T13:36:28.369+0000][52654][info][safepoint   ] Safepoint "ICBufferFull", Time since last: 159256155 ns, Reaching safepoint: 2109 ns, Cleanup: 65964 ns, At safepoint: 1329 ns, Total: 69402 ns
[2026-02-27T13:36:28.533+0000][52654][info][safepoint   ] Safepoint "ICBufferFull", Time since last: 164043639 ns, Reaching safepoint: 2464 ns, Cleanup: 69463 ns, At safepoint: 1737 ns, Total: 73664 ns
[2026-02-27T13:36:28.696+0000][52654][info][safepoint   ] Safepoint "ICBufferFull", Time since last: 163636423 ns, Reaching safepoint: 3250 ns, Cleanup: 76992 ns, At safepoint: 1884 ns, Total: 82126 ns
[2026-02-27T13:36:29.040+0000][52654][info][safepoint   ] Safepoint "ICBufferFull", Time since last: 343869141 ns, Reaching safepoint: 2528 ns, Cleanup: 81318 ns, At safepoint: 1955 ns, Total: 85801 ns
[2026-02-27T13:36:29.295+0000][52654][info][safepoint   ] Safepoint "ICBufferFull", Time since last: 254640095 ns, Reaching safepoint: 68336 ns, Cleanup: 92691 ns, At safepoint: 2144 ns, Total: 163171 ns
[2026-02-27T13:36:29.368+0000][52654][info][gc,start    ] GC(0) Pause Young (Concurrent Start) (Metadata GC Threshold)
[2026-02-27T13:36:29.368+0000][52654][info][gc,task     ] GC(0) Using 8 workers of 8 for evacuation
[2026-02-27T13:36:29.368+0000][52654][debug][gc,age      ] GC(0) Desired survivor size 27262976 bytes, new threshold 15 (max threshold 15)
[2026-02-27T13:36:29.374+0000][52654][info ][gc,phases   ] GC(0)   Pre Evacuate Collection Set: 0.3ms
[2026-02-27T13:36:29.374+0000][52654][info ][gc,phases   ] GC(0)   Merge Heap Roots: 0.1ms
[2026-02-27T13:36:29.374+0000][52654][info ][gc,phases   ] GC(0)   Evacuate Collection Set: 4.3ms
[2026-02-27T13:36:29.374+0000][52654][info ][gc,phases   ] GC(0)   Post Evacuate Collection Set: 0.8ms
[2026-02-27T13:36:29.374+0000][52654][info ][gc,phases   ] GC(0)   Other: 0.1ms
[2026-02-27T13:36:29.374+0000][52654][trace][gc,age      ] GC(0) Age table with threshold 15 (max threshold 15)
[2026-02-27T13:36:29.374+0000][52654][trace][gc,age      ] GC(0) - age   1:   12863080 bytes,   12863080 total
[2026-02-27T13:36:29.374+0000][52654][info ][gc,heap     ] GC(0) Eden regions: 77->0(94)
[2026-02-27T13:36:29.374+0000][52654][info ][gc,heap     ] GC(0) Survivor regions: 0->4(13)
[2026-02-27T13:36:29.374+0000][52654][info ][gc,heap     ] GC(0) Old regions: 1->1
[2026-02-27T13:36:29.374+0000][52654][info ][gc,heap     ] GC(0) Humongous regions: 0->0
[2026-02-27T13:36:29.374+0000][52654][info ][gc,metaspace] GC(0) Metaspace: 21040K(21504K)->21040K(21504K) NonClass: 18799K(19072K)->18799K(19072K) Class: 2241K(2432K)->2241K(2432K)
[2026-02-27T13:36:29.374+0000][52654][info ][gc          ] GC(0) Pause Young (Concurrent Start) (Metadata GC Threshold) 307M->13M(7868M) 5.707ms
[2026-02-27T13:36:29.374+0000][52654][info ][gc,cpu      ] GC(0) User=0.04s Sys=0.00s Real=0.01s
[2026-02-27T13:36:29.374+0000][52654][info ][gc          ] GC(1) Concurrent Mark Cycle
[2026-02-27T13:36:29.374+0000][52654][info ][gc,marking  ] GC(1) Concurrent Scan Root Regions
[2026-02-27T13:36:29.374+0000][52654][info ][safepoint   ] Safepoint "CollectForMetadataAllocation", Time since last: 73227179 ns, Reaching safepoint: 2063 ns, Cleanup: 15273 ns, At safepoint: 5787748 ns, Total: 5805084 ns
[2026-02-27T13:36:29.378+0000][52654][info ][gc,marking  ] GC(1) Concurrent Scan Root Regions 3.470ms
[2026-02-27T13:36:29.378+0000][52654][info ][gc,marking  ] GC(1) Concurrent Mark
[2026-02-27T13:36:29.378+0000][52654][info ][gc,marking  ] GC(1) Concurrent Mark From Roots
[2026-02-27T13:36:29.378+0000][52654][info ][gc,task     ] GC(1) Using 2 workers of 2 for marking
[2026-02-27T13:36:29.379+0000][52654][info ][gc,marking  ] GC(1) Concurrent Mark From Roots 1.335ms
[2026-02-27T13:36:29.379+0000][52654][info ][gc,marking  ] GC(1) Concurrent Preclean
[2026-02-27T13:36:29.379+0000][52654][info ][gc,marking  ] GC(1) Concurrent Preclean 0.007ms
[2026-02-27T13:36:29.379+0000][52654][info ][gc,start    ] GC(1) Pause Remark
[2026-02-27T13:36:29.380+0000][52654][info ][gc          ] GC(1) Pause Remark 17M->17M(7868M) 1.372ms
[2026-02-27T13:36:29.380+0000][52654][info ][gc,cpu      ] GC(1) User=0.01s Sys=0.00s Real=0.01s
[2026-02-27T13:36:29.380+0000][52654][info ][safepoint   ] Safepoint "G1PauseRemark", Time since last: 4864645 ns, Reaching safepoint: 3822 ns, Cleanup: 8702 ns, At safepoint: 1414458 ns, Total: 1426982 ns
[2026-02-27T13:36:29.380+0000][52654][info ][gc,marking  ] GC(1) Concurrent Mark 2.831ms
[2026-02-27T13:36:29.380+0000][52654][info ][gc,marking  ] GC(1) Concurrent Rebuild Remembered Sets and Scrub Regions
[2026-02-27T13:36:29.381+0000][52654][info ][gc,marking  ] GC(1) Concurrent Rebuild Remembered Sets and Scrub Regions 0.448ms
[2026-02-27T13:36:29.381+0000][52654][info ][gc,start    ] GC(1) Pause Cleanup
[2026-02-27T13:36:29.381+0000][52654][info ][gc          ] GC(1) Pause Cleanup 17M->17M(7868M) 0.208ms
[2026-02-27T13:36:29.381+0000][52654][info ][gc,cpu      ] GC(1) User=0.00s Sys=0.00s Real=0.00s
[2026-02-27T13:36:29.381+0000][52654][info ][safepoint   ] Safepoint "G1PauseCleanup", Time since last: 502516 ns, Reaching safepoint: 5040 ns, Cleanup: 2529 ns, At safepoint: 227764 ns, Total: 235333 ns
[2026-02-27T13:36:29.381+0000][52654][info ][gc,marking  ] GC(1) Concurrent Clear Claimed Marks
[2026-02-27T13:36:29.381+0000][52654][info ][gc,marking  ] GC(1) Concurrent Clear Claimed Marks 0.029ms
[2026-02-27T13:36:29.381+0000][52654][info ][gc,marking  ] GC(1) Concurrent Cleanup for Next Mark
[2026-02-27T13:36:29.389+0000][52654][info ][gc,marking  ] GC(1) Concurrent Cleanup for Next Mark 7.639ms
[2026-02-27T13:36:29.389+0000][52654][info ][gc          ] GC(1) Concurrent Mark Cycle 14.788ms
[2026-02-27T13:36:29.684+0000][52654][info ][safepoint   ] Safepoint "ICBufferFull", Time since last: 302759763 ns, Reaching safepoint: 3328 ns, Cleanup: 92400 ns, At safepoint: 4123 ns, Total: 99851 ns
[2026-02-27T13:36:30.017+0000][52654][info ][safepoint   ] Safepoint "ICBufferFull", Time since last: 332480741 ns, Reaching safepoint: 3443 ns, Cleanup: 89842 ns, At safepoint: 1889 ns, Total: 95174 ns
[2026-02-27T13:36:30.022+0000][52654][info ][gc,start    ] GC(2) Pause Young (Prepare Mixed) (G1 Evacuation Pause)
[2026-02-27T13:36:30.022+0000][52654][info ][gc,task     ] GC(2) Using 8 workers of 8 for evacuation
[2026-02-27T13:36:30.022+0000][52654][debug][gc,age      ] GC(2) Desired survivor size 27262976 bytes, new threshold 15 (max threshold 15)
[2026-02-27T13:36:30.028+0000][52654][info ][gc,phases   ] GC(2)   Pre Evacuate Collection Set: 0.2ms
[2026-02-27T13:36:30.028+0000][52654][info ][gc,phases   ] GC(2)   Merge Heap Roots: 0.0ms
[2026-02-27T13:36:30.028+0000][52654][info ][gc,phases   ] GC(2)   Evacuate Collection Set: 5.6ms
[2026-02-27T13:36:30.028+0000][52654][info ][gc,phases   ] GC(2)   Post Evacuate Collection Set: 0.7ms
[2026-02-27T13:36:30.028+0000][52654][info ][gc,phases   ] GC(2)   Other: 0.0ms
[2026-02-27T13:36:30.028+0000][52654][trace][gc,age      ] GC(2) Age table with threshold 15 (max threshold 15)
[2026-02-27T13:36:30.028+0000][52654][trace][gc,age      ] GC(2) - age   1:    8890840 bytes,    8890840 total
[2026-02-27T13:36:30.028+0000][52654][trace][gc,age      ] GC(2) - age   2:   11790784 bytes,   20681624 total
[2026-02-27T13:36:30.028+0000][52654][info ][gc,heap     ] GC(2) Eden regions: 94->0(92)
[2026-02-27T13:36:30.028+0000][52654][info ][gc,heap     ] GC(2) Survivor regions: 4->6(13)
[2026-02-27T13:36:30.028+0000][52654][info ][gc,heap     ] GC(2) Old regions: 1->1
[2026-02-27T13:36:30.028+0000][52654][info ][gc,heap     ] GC(2) Humongous regions: 0->0
[2026-02-27T13:36:30.028+0000][52654][info ][gc,metaspace] GC(2) Metaspace: 27954K(28672K)->27954K(28672K) NonClass: 24833K(25216K)->24833K(25216K) Class: 3121K(3456K)->3121K(3456K)
[2026-02-27T13:36:30.028+0000][52654][info ][gc          ] GC(2) Pause Young (Prepare Mixed) (G1 Evacuation Pause) 389M->22M(7868M) 6.639ms
[2026-02-27T13:36:30.028+0000][52654][info ][gc,cpu      ] GC(2) User=0.04s Sys=0.00s Real=0.00s
[2026-02-27T13:36:30.028+0000][52654][info ][safepoint   ] Safepoint "G1CollectForAllocation", Time since last: 4920862 ns, Reaching safepoint: 3033 ns, Cleanup: 4069 ns, At safepoint: 6666904 ns, Total: 6674006 ns
[2026-02-27T13:36:30.532+0000][52654][info ][safepoint   ] Safepoint "ICBufferFull", Time since last: 503600250 ns, Reaching safepoint: 2563 ns, Cleanup: 77091 ns, At safepoint: 1677 ns, Total: 81331 ns
[2026-02-27T13:36:30.540+0000][52654][info ][gc,start    ] GC(3) Pause Young (Mixed) (G1 Evacuation Pause)
[2026-02-27T13:36:30.540+0000][52654][info ][gc,task     ] GC(3) Using 8 workers of 8 for evacuation
[2026-02-27T13:36:30.540+0000][52654][debug][gc,age      ] GC(3) Desired survivor size 27262976 bytes, new threshold 15 (max threshold 15)
[2026-02-27T13:36:30.548+0000][52654][info ][gc,phases   ] GC(3)   Pre Evacuate Collection Set: 0.2ms
[2026-02-27T13:36:30.548+0000][52654][info ][gc,phases   ] GC(3)   Merge Heap Roots: 0.0ms
[2026-02-27T13:36:30.548+0000][52654][info ][gc,phases   ] GC(3)   Evacuate Collection Set: 7.5ms
[2026-02-27T13:36:30.548+0000][52654][info ][gc,phases   ] GC(3)   Post Evacuate Collection Set: 0.7ms
[2026-02-27T13:36:30.548+0000][52654][info ][gc,phases   ] GC(3)   Other: 0.0ms
[2026-02-27T13:36:30.548+0000][52654][trace][gc,age      ] GC(3) Age table with threshold 15 (max threshold 15)
[2026-02-27T13:36:30.548+0000][52654][trace][gc,age      ] GC(3) - age   1:    6553616 bytes,    6553616 total
[2026-02-27T13:36:30.548+0000][52654][trace][gc,age      ] GC(3) - age   2:    8587560 bytes,   15141176 total
[2026-02-27T13:36:30.548+0000][52654][trace][gc,age      ] GC(3) - age   3:   11787856 bytes,   26929032 total
[2026-02-27T13:36:30.548+0000][52654][info ][gc,heap     ] GC(3) Eden regions: 92->0(91)
[2026-02-27T13:36:30.548+0000][52654][info ][gc,heap     ] GC(3) Survivor regions: 6->7(13)
[2026-02-27T13:36:30.548+0000][52654][info ][gc,heap     ] GC(3) Old regions: 1->1
[2026-02-27T13:36:30.548+0000][52654][info ][gc,heap     ] GC(3) Humongous regions: 0->0
[2026-02-27T13:36:30.548+0000][52654][info ][gc,metaspace] GC(3) Metaspace: 34182K(34944K)->34182K(34944K) NonClass: 30367K(30784K)->30367K(30784K) Class: 3815K(4160K)->3815K(4160K)
[2026-02-27T13:36:30.548+0000][52654][info ][gc          ] GC(3) Pause Young (Mixed) (G1 Evacuation Pause) 390M->28M(7868M) 8.601ms
[2026-02-27T13:36:30.548+0000][52654][info ][gc,cpu      ] GC(3) User=0.05s Sys=0.00s Real=0.01s
[2026-02-27T13:36:30.548+0000][52654][info ][safepoint   ] Safepoint "G1CollectForAllocation", Time since last: 7607574 ns, Reaching safepoint: 3263 ns, Cleanup: 9103 ns, At safepoint: 8627653 ns, Total: 8640019 ns
[2026-02-27T13:36:30.722+0000][52654][info ][gc,start    ] GC(4) Pause Young (Concurrent Start) (Metadata GC Threshold)
[2026-02-27T13:36:30.722+0000][52654][info ][gc,task     ] GC(4) Using 8 workers of 8 for evacuation
[2026-02-27T13:36:30.722+0000][52654][debug][gc,age      ] GC(4) Desired survivor size 27262976 bytes, new threshold 15 (max threshold 15)
[2026-02-27T13:36:30.730+0000][52654][info ][gc,phases   ] GC(4)   Pre Evacuate Collection Set: 0.3ms
[2026-02-27T13:36:30.730+0000][52654][info ][gc,phases   ] GC(4)   Merge Heap Roots: 0.0ms
[2026-02-27T13:36:30.730+0000][52654][info ][gc,phases   ] GC(4)   Evacuate Collection Set: 7.4ms
[2026-02-27T13:36:30.730+0000][52654][info ][gc,phases   ] GC(4)   Post Evacuate Collection Set: 0.6ms
[2026-02-27T13:36:30.730+0000][52654][info ][gc,phases   ] GC(4)   Other: 0.0ms
[2026-02-27T13:36:30.730+0000][52654][trace][gc,age      ] GC(4) Age table with threshold 15 (max threshold 15)
[2026-02-27T13:36:30.730+0000][52654][trace][gc,age      ] GC(4) - age   1:    4403656 bytes,    4403656 total
[2026-02-27T13:36:30.730+0000][52654][trace][gc,age      ] GC(4) - age   2:    4585640 bytes,    8989296 total
[2026-02-27T13:36:30.730+0000][52654][trace][gc,age      ] GC(4) - age   3:    8584208 bytes,   17573504 total
[2026-02-27T13:36:30.730+0000][52654][trace][gc,age      ] GC(4) - age   4:   11782200 bytes,   29355704 total
[2026-02-27T13:36:30.730+0000][52654][info ][gc,heap     ] GC(4) Eden regions: 38->0(90)
[2026-02-27T13:36:30.730+0000][52654][info ][gc,heap     ] GC(4) Survivor regions: 7->8(13)
[2026-02-27T13:36:30.730+0000][52654][info ][gc,heap     ] GC(4) Old regions: 1->1
[2026-02-27T13:36:30.730+0000][52654][info ][gc,heap     ] GC(4) Humongous regions: 0->0
[2026-02-27T13:36:30.730+0000][52654][info ][gc,metaspace] GC(4) Metaspace: 35672K(36416K)->35672K(36416K) NonClass: 31650K(32064K)->31650K(32064K) Class: 4022K(4352K)->4022K(4352K)
[2026-02-27T13:36:30.731+0000][52654][info ][gc          ] GC(4) Pause Young (Concurrent Start) (Metadata GC Threshold) 178M->31M(7868M) 8.389ms
[2026-02-27T13:36:30.731+0000][52654][info ][gc,cpu      ] GC(4) User=0.05s Sys=0.00s Real=0.01s
[2026-02-27T13:36:30.731+0000][52654][info ][gc          ] GC(5) Concurrent Mark Cycle
[2026-02-27T13:36:30.731+0000][52654][info ][gc,marking  ] GC(5) Concurrent Scan Root Regions
[2026-02-27T13:36:30.731+0000][52654][info ][safepoint   ] Safepoint "CollectForMetadataAllocation", Time since last: 173898976 ns, Reaching safepoint: 3361 ns, Cleanup: 49207 ns, At safepoint: 8466502 ns, Total: 8519070 ns
[2026-02-27T13:36:30.734+0000][52654][info ][gc,marking  ] GC(5) Concurrent Scan Root Regions 3.452ms
[2026-02-27T13:36:30.734+0000][52654][info ][gc,marking  ] GC(5) Concurrent Mark
[2026-02-27T13:36:30.734+0000][52654][info ][gc,marking  ] GC(5) Concurrent Mark From Roots
[2026-02-27T13:36:30.734+0000][52654][info ][gc,task     ] GC(5) Using 2 workers of 2 for marking
[2026-02-27T13:36:30.735+0000][52654][info ][gc,marking  ] GC(5) Concurrent Mark From Roots 1.010ms
[2026-02-27T13:36:30.735+0000][52654][info ][gc,marking  ] GC(5) Concurrent Preclean
[2026-02-27T13:36:30.735+0000][52654][info ][gc,marking  ] GC(5) Concurrent Preclean 0.005ms
[2026-02-27T13:36:30.736+0000][52654][info ][gc,start    ] GC(5) Pause Remark
[2026-02-27T13:36:30.738+0000][52654][info ][gc          ] GC(5) Pause Remark 33M->33M(7868M) 2.086ms
[2026-02-27T13:36:30.738+0000][52654][info ][gc,cpu      ] GC(5) User=0.01s Sys=0.00s Real=0.00s
[2026-02-27T13:36:30.738+0000][52654][info ][safepoint   ] Safepoint "G1PauseRemark", Time since last: 4479003 ns, Reaching safepoint: 684585 ns, Cleanup: 4239 ns, At safepoint: 2126337 ns, Total: 2815161 ns
[2026-02-27T13:36:30.738+0000][52654][info ][gc,marking  ] GC(5) Concurrent Mark 3.873ms
[2026-02-27T13:36:30.738+0000][52654][info ][gc,marking  ] GC(5) Concurrent Rebuild Remembered Sets and Scrub Regions
[2026-02-27T13:36:30.738+0000][52654][info ][gc,marking  ] GC(5) Concurrent Rebuild Remembered Sets and Scrub Regions 0.332ms
[2026-02-27T13:36:30.738+0000][52654][info ][gc,start    ] GC(5) Pause Cleanup
[2026-02-27T13:36:30.738+0000][52654][info ][gc          ] GC(5) Pause Cleanup 33M->33M(7868M) 0.127ms
[2026-02-27T13:36:30.738+0000][52654][info ][gc,cpu      ] GC(5) User=0.00s Sys=0.00s Real=0.00s
[2026-02-27T13:36:30.738+0000][52654][info ][safepoint   ] Safepoint "G1PauseCleanup", Time since last: 366358 ns, Reaching safepoint: 64673 ns, Cleanup: 4509 ns, At safepoint: 141470 ns, Total: 210652 ns
[2026-02-27T13:36:30.738+0000][52654][info ][gc,marking  ] GC(5) Concurrent Clear Claimed Marks
[2026-02-27T13:36:30.738+0000][52654][info ][gc,marking  ] GC(5) Concurrent Clear Claimed Marks 0.038ms
[2026-02-27T13:36:30.738+0000][52654][info ][gc,marking  ] GC(5) Concurrent Cleanup for Next Mark
[2026-02-27T13:36:30.747+0000][52654][info ][gc,marking  ] GC(5) Concurrent Cleanup for Next Mark 8.426ms
[2026-02-27T13:36:30.747+0000][52654][info ][gc          ] GC(5) Concurrent Mark Cycle 16.438ms
[2026-02-27T13:36:31.015+0000][52654][info ][gc,start    ] GC(6) Pause Young (Normal) (G1 Evacuation Pause)
[2026-02-27T13:36:31.015+0000][52654][info ][gc,task     ] GC(6) Using 8 workers of 8 for evacuation
[2026-02-27T13:36:31.015+0000][52654][debug][gc,age      ] GC(6) Desired survivor size 27262976 bytes, new threshold 4 (max threshold 15)
[2026-02-27T13:36:31.025+0000][52654][info ][gc,phases   ] GC(6)   Pre Evacuate Collection Set: 0.3ms
[2026-02-27T13:36:31.025+0000][52654][info ][gc,phases   ] GC(6)   Merge Heap Roots: 0.0ms
[2026-02-27T13:36:31.025+0000][52654][info ][gc,phases   ] GC(6)   Evacuate Collection Set: 8.5ms
[2026-02-27T13:36:31.025+0000][52654][info ][gc,phases   ] GC(6)   Post Evacuate Collection Set: 0.6ms
[2026-02-27T13:36:31.025+0000][52654][info ][gc,phases   ] GC(6)   Other: 0.0ms
[2026-02-27T13:36:31.025+0000][52654][trace][gc,age      ] GC(6) Age table with threshold 4 (max threshold 15)
[2026-02-27T13:36:31.025+0000][52654][trace][gc,age      ] GC(6) - age   1:    4018176 bytes,    4018176 total
[2026-02-27T13:36:31.025+0000][52654][trace][gc,age      ] GC(6) - age   2:    4335768 bytes,    8353944 total
[2026-02-27T13:36:31.025+0000][52654][trace][gc,age      ] GC(6) - age   3:    4583168 bytes,   12937112 total
[2026-02-27T13:36:31.025+0000][52654][trace][gc,age      ] GC(6) - age   4:    8578896 bytes,   21516008 total
[2026-02-27T13:36:31.025+0000][52654][info ][gc,heap     ] GC(6) Eden regions: 90->0(167)
[2026-02-27T13:36:31.025+0000][52654][info ][gc,heap     ] GC(6) Survivor regions: 8->6(13)
[2026-02-27T13:36:31.025+0000][52654][info ][gc,heap     ] GC(6) Old regions: 1->4
[2026-02-27T13:36:31.025+0000][52654][info ][gc,heap     ] GC(6) Humongous regions: 0->0
[2026-02-27T13:36:31.025+0000][52654][info ][gc,metaspace] GC(6) Metaspace: 36701K(37632K)->36701K(37632K) NonClass: 32548K(33088K)->32548K(33088K) Class: 4152K(4544K)->4152K(4544K)
[2026-02-27T13:36:31.025+0000][52654][info ][gc          ] GC(6) Pause Young (Normal) (G1 Evacuation Pause) 391M->35M(7868M) 9.608ms
[2026-02-27T13:36:31.025+0000][52654][info ][gc,cpu      ] GC(6) User=0.07s Sys=0.00s Real=0.01s
[2026-02-27T13:36:31.025+0000][52654][info ][safepoint   ] Safepoint "G1CollectForAllocation", Time since last: 276609452 ns, Reaching safepoint: 2721 ns, Cleanup: 51304 ns, At safepoint: 9644102 ns, Total: 9698127 ns
[2026-02-27T13:36:31.255+0000][52654][info ][safepoint   ] Safepoint "ICBufferFull", Time since last: 230335563 ns, Reaching safepoint: 3454 ns, Cleanup: 78797 ns, At safepoint: 2373 ns, Total: 84624 ns
[2026-02-27T13:36:31.558+0000][52654][info ][safepoint   ] Safepoint "ICBufferFull", Time since last: 302729036 ns, Reaching safepoint: 2643 ns, Cleanup: 76073 ns, At safepoint: 1750 ns, Total: 80466 ns
[2026-02-27T13:36:31.941+0000][52654][info ][gc,start    ] GC(7) Pause Young (Concurrent Start) (Metadata GC Threshold)
[2026-02-27T13:36:31.941+0000][52654][info ][gc,task     ] GC(7) Using 8 workers of 8 for evacuation
[2026-02-27T13:36:31.941+0000][52654][debug][gc,age      ] GC(7) Desired survivor size 46137344 bytes, new threshold 15 (max threshold 15)
[2026-02-27T13:36:31.950+0000][52654][info ][gc,phases   ] GC(7)   Pre Evacuate Collection Set: 0.3ms
[2026-02-27T13:36:31.950+0000][52654][info ][gc,phases   ] GC(7)   Merge Heap Roots: 0.0ms
[2026-02-27T13:36:31.950+0000][52654][info ][gc,phases   ] GC(7)   Evacuate Collection Set: 7.8ms
[2026-02-27T13:36:31.950+0000][52654][info ][gc,phases   ] GC(7)   Post Evacuate Collection Set: 0.7ms
[2026-02-27T13:36:31.950+0000][52654][info ][gc,phases   ] GC(7)   Other: 0.0ms
[2026-02-27T13:36:31.950+0000][52654][trace][gc,age      ] GC(7) Age table with threshold 15 (max threshold 15)
[2026-02-27T13:36:31.950+0000][52654][trace][gc,age      ] GC(7) - age   1:    6628464 bytes,    6628464 total
[2026-02-27T13:36:31.950+0000][52654][trace][gc,age      ] GC(7) - age   2:    3627896 bytes,   10256360 total
[2026-02-27T13:36:31.950+0000][52654][trace][gc,age      ] GC(7) - age   3:    4319992 bytes,   14576352 total
[2026-02-27T13:36:31.950+0000][52654][trace][gc,age      ] GC(7) - age   4:    4569936 bytes,   19146288 total
[2026-02-27T13:36:31.950+0000][52654][trace][gc,age      ] GC(7) - age   5:    8560976 bytes,   27707264 total
[2026-02-27T13:36:31.950+0000][52654][info ][gc,heap     ] GC(7) Eden regions: 86->0(249)
[2026-02-27T13:36:31.950+0000][52654][info ][gc,heap     ] GC(7) Survivor regions: 6->8(22)
[2026-02-27T13:36:31.950+0000][52654][info ][gc,heap     ] GC(7) Old regions: 4->4
[2026-02-27T13:36:31.950+0000][52654][info ][gc,heap     ] GC(7) Humongous regions: 0->0
[2026-02-27T13:36:31.950+0000][52654][info ][gc,metaspace] GC(7) Metaspace: 59659K(60928K)->59659K(60928K) NonClass: 52326K(53056K)->52326K(53056K) Class: 7333K(7872K)->7333K(7872K)
[2026-02-27T13:36:31.950+0000][52654][info ][gc          ] GC(7) Pause Young (Concurrent Start) (Metadata GC Threshold) 377M->41M(7868M) 9.062ms
[2026-02-27T13:36:31.950+0000][52654][info ][gc,cpu      ] GC(7) User=0.06s Sys=0.00s Real=0.01s
[2026-02-27T13:36:31.950+0000][52654][info ][gc          ] GC(8) Concurrent Mark Cycle
[2026-02-27T13:36:31.950+0000][52654][info ][gc,marking  ] GC(8) Concurrent Scan Root Regions
[2026-02-27T13:36:31.950+0000][52654][info ][safepoint   ] Safepoint "CollectForMetadataAllocation", Time since last: 383316709 ns, Reaching safepoint: 2806 ns, Cleanup: 49240 ns, At safepoint: 9141094 ns, Total: 9193140 ns
[2026-02-27T13:36:31.958+0000][52654][info ][gc,marking  ] GC(8) Concurrent Scan Root Regions 7.228ms
[2026-02-27T13:36:31.958+0000][52654][info ][gc,marking  ] GC(8) Concurrent Mark
[2026-02-27T13:36:31.958+0000][52654][info ][gc,marking  ] GC(8) Concurrent Mark From Roots
[2026-02-27T13:36:31.958+0000][52654][info ][gc,task     ] GC(8) Using 2 workers of 2 for marking
[2026-02-27T13:36:31.964+0000][52654][info ][gc,marking  ] GC(8) Concurrent Mark From Roots 6.504ms
[2026-02-27T13:36:31.964+0000][52654][info ][gc,marking  ] GC(8) Concurrent Preclean
[2026-02-27T13:36:31.964+0000][52654][info ][gc,marking  ] GC(8) Concurrent Preclean 0.052ms
[2026-02-27T13:36:31.964+0000][52654][info ][gc,start    ] GC(8) Pause Remark
[2026-02-27T13:36:31.967+0000][52654][info ][gc          ] GC(8) Pause Remark 45M->45M(7868M) 2.785ms
[2026-02-27T13:36:31.967+0000][52654][info ][gc,cpu      ] GC(8) User=0.01s Sys=0.00s Real=0.00s
[2026-02-27T13:36:31.967+0000][52654][info ][safepoint   ] Safepoint "G1PauseRemark", Time since last: 13818044 ns, Reaching safepoint: 68769 ns, Cleanup: 2111 ns, At safepoint: 2833502 ns, Total: 2904382 ns
[2026-02-27T13:36:31.967+0000][52654][info ][gc,marking  ] GC(8) Concurrent Mark 9.522ms
[2026-02-27T13:36:31.967+0000][52654][info ][gc,marking  ] GC(8) Concurrent Rebuild Remembered Sets and Scrub Regions
[2026-02-27T13:36:31.970+0000][52654][info ][gc,marking  ] GC(8) Concurrent Rebuild Remembered Sets and Scrub Regions 2.594ms
[2026-02-27T13:36:31.970+0000][52654][info ][gc,start    ] GC(8) Pause Cleanup
[2026-02-27T13:36:31.970+0000][52654][info ][gc          ] GC(8) Pause Cleanup 45M->45M(7868M) 0.138ms
[2026-02-27T13:36:31.970+0000][52654][info ][gc,cpu      ] GC(8) User=0.00s Sys=0.00s Real=0.00s
[2026-02-27T13:36:31.970+0000][52654][info ][safepoint   ] Safepoint "G1PauseCleanup", Time since last: 2671086 ns, Reaching safepoint: 66354 ns, Cleanup: 10252 ns, At safepoint: 156331 ns, Total: 232937 ns
[2026-02-27T13:36:31.970+0000][52654][info ][gc,marking  ] GC(8) Concurrent Clear Claimed Marks
[2026-02-27T13:36:31.970+0000][52654][info ][gc,marking  ] GC(8) Concurrent Clear Claimed Marks 0.067ms
[2026-02-27T13:36:31.970+0000][52654][info ][gc,marking  ] GC(8) Concurrent Cleanup for Next Mark
[2026-02-27T13:36:31.978+0000][52654][info ][gc,marking  ] GC(8) Concurrent Cleanup for Next Mark 7.687ms
[2026-02-27T13:36:31.978+0000][52654][info ][gc          ] GC(8) Concurrent Mark Cycle 27.486ms
[2026-02-27T13:36:32.783+0000][52654][info ][safepoint   ] Safepoint "ICBufferFull", Time since last: 813011627 ns, Reaching safepoint: 2960 ns, Cleanup: 81265 ns, At safepoint: 1937 ns, Total: 86162 ns
[2026-02-27T13:36:33.534+0000][52654][info ][safepoint   ] Safepoint "ICBufferFull", Time since last: 750646523 ns, Reaching safepoint: 2501 ns, Cleanup: 79541 ns, At safepoint: 3153 ns, Total: 85195 ns
[2026-02-27T13:36:34.425+0000][52654][info ][safepoint   ] Safepoint "ICBufferFull", Time since last: 890568247 ns, Reaching safepoint: 66225 ns, Cleanup: 83619 ns, At safepoint: 2572 ns, Total: 152416 ns
[2026-02-27T13:36:35.459+0000][52654][info ][safepoint   ] Safepoint "ICBufferFull", Time since last: 1034098223 ns, Reaching safepoint: 2910 ns, Cleanup: 78868 ns, At safepoint: 1856 ns, Total: 83634 ns
[2026-02-27T13:36:35.897+0000][52654][info ][safepoint   ] Safepoint "ICBufferFull", Time since last: 437821440 ns, Reaching safepoint: 3900 ns, Cleanup: 96904 ns, At safepoint: 2155 ns, Total: 102959 ns
[2026-02-27T13:36:36.231+0000][52654][info ][gc,start    ] GC(9) Pause Young (Concurrent Start) (Metadata GC Threshold)
[2026-02-27T13:36:36.232+0000][52654][info ][gc,task     ] GC(9) Using 8 workers of 8 for evacuation
[2026-02-27T13:36:36.232+0000][52654][debug][gc,age      ] GC(9) Desired survivor size 69206016 bytes, new threshold 15 (max threshold 15)
[2026-02-27T13:36:36.252+0000][52654][info ][gc,phases   ] GC(9)   Pre Evacuate Collection Set: 0.3ms
[2026-02-27T13:36:36.252+0000][52654][info ][gc,phases   ] GC(9)   Merge Heap Roots: 0.0ms
[2026-02-27T13:36:36.252+0000][52654][info ][gc,phases   ] GC(9)   Evacuate Collection Set: 18.6ms
[2026-02-27T13:36:36.252+0000][52654][info ][gc,phases   ] GC(9)   Post Evacuate Collection Set: 1.5ms
[2026-02-27T13:36:36.252+0000][52654][info ][gc,phases   ] GC(9)   Other: 0.1ms
[2026-02-27T13:36:36.252+0000][52654][trace][gc,age      ] GC(9) Age table with threshold 15 (max threshold 15)
[2026-02-27T13:36:36.252+0000][52654][trace][gc,age      ] GC(9) - age   1:   30803912 bytes,   30803912 total
[2026-02-27T13:36:36.252+0000][52654][trace][gc,age      ] GC(9) - age   2:    6071728 bytes,   36875640 total
[2026-02-27T13:36:36.252+0000][52654][trace][gc,age      ] GC(9) - age   3:    3563048 bytes,   40438688 total
[2026-02-27T13:36:36.252+0000][52654][trace][gc,age      ] GC(9) - age   4:    4304984 bytes,   44743672 total
[2026-02-27T13:36:36.252+0000][52654][trace][gc,age      ] GC(9) - age   5:    4526232 bytes,   49269904 total
[2026-02-27T13:36:36.252+0000][52654][trace][gc,age      ] GC(9) - age   6:    8515648 bytes,   57785552 total
[2026-02-27T13:36:36.252+0000][52654][info ][gc,heap     ] GC(9) Eden regions: 240->0(218)
[2026-02-27T13:36:36.252+0000][52654][info ][gc,heap     ] GC(9) Survivor regions: 8->15(33)
[2026-02-27T13:36:36.252+0000][52654][info ][gc,heap     ] GC(9) Old regions: 4->4
[2026-02-27T13:36:36.252+0000][52654][info ][gc,heap     ] GC(9) Humongous regions: 0->0
[2026-02-27T13:36:36.252+0000][52654][info ][gc,metaspace] GC(9) Metaspace: 100248K(102080K)->100248K(102080K) NonClass: 87115K(88192K)->87115K(88192K) Class: 13132K(13888K)->13132K(13888K)
[2026-02-27T13:36:36.252+0000][52654][info ][gc          ] GC(9) Pause Young (Concurrent Start) (Metadata GC Threshold) 999M->71M(7868M) 20.616ms
[2026-02-27T13:36:36.252+0000][52654][info ][gc,cpu      ] GC(9) User=0.14s Sys=0.00s Real=0.02s
[2026-02-27T13:36:36.252+0000][52654][info ][gc          ] GC(10) Concurrent Mark Cycle
[2026-02-27T13:36:36.252+0000][52654][info ][gc,marking  ] GC(10) Concurrent Scan Root Regions
[2026-02-27T13:36:36.252+0000][52654][info ][safepoint   ] Safepoint "CollectForMetadataAllocation", Time since last: 334689999 ns, Reaching safepoint: 2321 ns, Cleanup: 18694 ns, At safepoint: 20706476 ns, Total: 20727491 ns
[2026-02-27T13:36:36.269+0000][52654][info ][gc,marking  ] GC(10) Concurrent Scan Root Regions 16.873ms
[2026-02-27T13:36:36.269+0000][52654][info ][gc,marking  ] GC(10) Concurrent Mark
[2026-02-27T13:36:36.269+0000][52654][info ][gc,marking  ] GC(10) Concurrent Mark From Roots
[2026-02-27T13:36:36.269+0000][52654][info ][gc,task     ] GC(10) Using 2 workers of 2 for marking
[2026-02-27T13:36:36.276+0000][52654][info ][gc,marking  ] GC(10) Concurrent Mark From Roots 6.940ms
[2026-02-27T13:36:36.276+0000][52654][info ][gc,marking  ] GC(10) Concurrent Preclean
[2026-02-27T13:36:36.276+0000][52654][info ][gc,marking  ] GC(10) Concurrent Preclean 0.059ms
[2026-02-27T13:36:36.276+0000][52654][info ][gc,start    ] GC(10) Pause Remark
[2026-02-27T13:36:36.280+0000][52654][info ][gc          ] GC(10) Pause Remark 76M->76M(7868M) 3.974ms
[2026-02-27T13:36:36.280+0000][52654][info ][gc,cpu      ] GC(10) User=0.02s Sys=0.00s Real=0.00s
[2026-02-27T13:36:36.280+0000][52654][info ][safepoint   ] Safepoint "G1PauseRemark", Time since last: 23902820 ns, Reaching safepoint: 3761 ns, Cleanup: 18475 ns, At safepoint: 4015565 ns, Total: 4037801 ns
[2026-02-27T13:36:36.280+0000][52654][info ][gc,marking  ] GC(10) Concurrent Mark 11.101ms
[2026-02-27T13:36:36.280+0000][52654][info ][gc,marking  ] GC(10) Concurrent Rebuild Remembered Sets and Scrub Regions
[2026-02-27T13:36:36.283+0000][52654][info ][gc,marking  ] GC(10) Concurrent Rebuild Remembered Sets and Scrub Regions 2.635ms
[2026-02-27T13:36:36.283+0000][52654][info ][gc,start    ] GC(10) Pause Cleanup
[2026-02-27T13:36:36.283+0000][52654][info ][gc          ] GC(10) Pause Cleanup 76M->76M(7868M) 0.160ms
[2026-02-27T13:36:36.283+0000][52654][info ][gc,cpu      ] GC(10) User=0.00s Sys=0.00s Real=0.00s
[2026-02-27T13:36:36.283+0000][52654][info ][safepoint   ] Safepoint "G1PauseCleanup", Time since last: 2719419 ns, Reaching safepoint: 66712 ns, Cleanup: 7517 ns, At safepoint: 180078 ns, Total: 254307 ns
[2026-02-27T13:36:36.283+0000][52654][info ][gc,marking  ] GC(10) Concurrent Clear Claimed Marks
[2026-02-27T13:36:36.283+0000][52654][info ][gc,marking  ] GC(10) Concurrent Clear Claimed Marks 0.088ms
[2026-02-27T13:36:36.283+0000][52654][info ][gc,marking  ] GC(10) Concurrent Cleanup for Next Mark
[2026-02-27T13:36:36.291+0000][52654][info ][gc,marking  ] GC(10) Concurrent Cleanup for Next Mark 8.207ms
[2026-02-27T13:36:36.291+0000][52654][info ][gc          ] GC(10) Concurrent Mark Cycle 39.319ms
[2026-02-27T13:36:36.594+0000][52654][info ][safepoint   ] Safepoint "ICBufferFull", Time since last: 310650169 ns, Reaching safepoint: 2604 ns, Cleanup: 64722 ns, At safepoint: 1412 ns, Total: 68738 ns
[2026-02-27T13:36:37.156+0000][52654][info ][safepoint   ] Safepoint "ICBufferFull", Time since last: 562047260 ns, Reaching safepoint: 3917 ns, Cleanup: 80541 ns, At safepoint: 1416 ns, Total: 85874 ns
[2026-02-27T13:36:37.341+0000][52654][info ][safepoint   ] Safepoint "ICBufferFull", Time since last: 184656348 ns, Reaching safepoint: 5356 ns, Cleanup: 72578 ns, At safepoint: 3241 ns, Total: 81175 ns
[2026-02-27T13:36:37.582+0000][52654][info ][safepoint   ] Safepoint "ICBufferFull", Time since last: 240997013 ns, Reaching safepoint: 8823 ns, Cleanup: 73131 ns, At safepoint: 2856 ns, Total: 84810 ns
[2026-02-27T13:36:37.823+0000][52654][info ][safepoint   ] Safepoint "ICBufferFull", Time since last: 241206561 ns, Reaching safepoint: 5864 ns, Cleanup: 77807 ns, At safepoint: 1943 ns, Total: 85614 ns
[2026-02-27T13:36:38.838+0000][52654][info ][safepoint   ] Safepoint "Cleanup", Time since last: 1015348254 ns, Reaching safepoint: 7576 ns, Cleanup: 35518 ns, At safepoint: 1905 ns, Total: 44999 ns
[2026-02-27T13:36:39.841+0000][52654][info ][safepoint   ] Safepoint "Cleanup", Time since last: 1002084727 ns, Reaching safepoint: 25567 ns, Cleanup: 18239 ns, At safepoint: 2846 ns, Total: 46652 ns
[2026-02-27T13:36:40.841+0000][52654][info ][safepoint   ] Safepoint "Cleanup", Time since last: 1000102497 ns, Reaching safepoint: 9496 ns, Cleanup: 10317 ns, At safepoint: 1904 ns, Total: 21717 ns
[2026-02-27T13:36:42.841+0000][52654][info ][safepoint   ] Safepoint "Cleanup", Time since last: 2000259540 ns, Reaching safepoint: 20745 ns, Cleanup: 10610 ns, At safepoint: 2540 ns, Total: 33895 ns
[2026-02-27T13:36:44.841+0000][52654][info ][safepoint   ] Safepoint "Cleanup", Time since last: 2000188489 ns, Reaching safepoint: 10229 ns, Cleanup: 10064 ns, At safepoint: 2467 ns, Total: 22760 ns
[2026-02-27T13:36:46.841+0000][52654][info ][safepoint   ] Safepoint "Cleanup", Time since last: 2000164178 ns, Reaching safepoint: 8944 ns, Cleanup: 8250 ns, At safepoint: 2316 ns, Total: 19510 ns
[2026-02-27T13:36:47.842+0000][52654][info ][safepoint   ] Safepoint "Cleanup", Time since last: 1000098119 ns, Reaching safepoint: 8199 ns, Cleanup: 6035 ns, At safepoint: 2281 ns, Total: 16515 ns
[2026-02-27T13:36:48.842+0000][52654][info ][safepoint   ] Safepoint "Cleanup", Time since last: 1000181976 ns, Reaching safepoint: 8245 ns, Cleanup: 6456 ns, At safepoint: 2205 ns, Total: 16906 ns
[2026-02-27T13:36:49.842+0000][52654][info ][safepoint   ] Safepoint "Cleanup", Time since last: 1000190551 ns, Reaching safepoint: 8689 ns, Cleanup: 10106 ns, At safepoint: 2439 ns, Total: 21234 ns
[2026-02-27T13:36:54.843+0000][52654][info ][safepoint   ] Safepoint "Cleanup", Time since last: 5000562353 ns, Reaching safepoint: 6753 ns, Cleanup: 6309 ns, At safepoint: 2004 ns, Total: 15066 ns
[2026-02-27T13:36:55.843+0000][52654][info ][safepoint   ] Safepoint "Cleanup", Time since last: 1000082885 ns, Reaching safepoint: 8497 ns, Cleanup: 8288 ns, At safepoint: 1920 ns, Total: 18705 ns
[2026-02-27T13:36:57.843+0000][52654][info ][safepoint   ] Safepoint "Cleanup", Time since last: 2000147419 ns, Reaching safepoint: 8280 ns, Cleanup: 7404 ns, At safepoint: 2447 ns, Total: 18131 ns
[2026-02-27T13:37:02.843+0000][52654][info ][safepoint   ] Safepoint "Cleanup", Time since last: 5000572723 ns, Reaching safepoint: 9399 ns, Cleanup: 12725 ns, At safepoint: 2114 ns, Total: 24238 ns
[2026-02-27T13:37:04.844+0000][52654][info ][safepoint   ] Safepoint "Cleanup", Time since last: 2000170613 ns, Reaching safepoint: 10406 ns, Cleanup: 12065 ns, At safepoint: 2255 ns, Total: 24726 ns
[2026-02-27T13:37:05.844+0000][52654][info ][safepoint   ] Safepoint "Cleanup", Time since last: 1000101561 ns, Reaching safepoint: 15488 ns, Cleanup: 9196 ns, At safepoint: 2501 ns, Total: 27185 ns
[2026-02-27T13:37:06.844+0000][52654][info ][safepoint   ] Safepoint "Cleanup", Time since last: 1000125895 ns, Reaching safepoint: 9954 ns, Cleanup: 11075 ns, At safepoint: 2358 ns, Total: 23387 ns
[2026-02-27T13:37:07.844+0000][52654][info ][safepoint   ] Safepoint "Cleanup", Time since last: 1000111851 ns, Reaching safepoint: 8200 ns, Cleanup: 28611 ns, At safepoint: 2847 ns, Total: 39658 ns
[2026-02-27T13:37:08.844+0000][52654][info ][safepoint   ] Safepoint "Cleanup", Time since last: 1000081837 ns, Reaching safepoint: 11097 ns, Cleanup: 7416 ns, At safepoint: 2232 ns, Total: 20745 ns
[2026-02-27T13:37:09.844+0000][52654][info ][safepoint   ] Safepoint "Cleanup", Time since last: 1000109738 ns, Reaching safepoint: 9063 ns, Cleanup: 10116 ns, At safepoint: 1662 ns, Total: 20841 ns
[2026-02-27T13:37:10.844+0000][52654][info ][safepoint   ] Safepoint "Cleanup", Time since last: 1000084940 ns, Reaching safepoint: 13537 ns, Cleanup: 8563 ns, At safepoint: 2426 ns, Total: 24526 ns
[2026-02-27T13:37:12.845+0000][52654][info ][safepoint   ] Safepoint "Cleanup", Time since last: 2000184726 ns, Reaching safepoint: 17429 ns, Cleanup: 9356 ns, At safepoint: 3003 ns, Total: 29788 ns
[2026-02-27T13:37:14.845+0000][52654][info ][safepoint   ] Safepoint "Cleanup", Time since last: 2000172540 ns, Reaching safepoint: 9462 ns, Cleanup: 12967 ns, At safepoint: 1931 ns, Total: 24360 ns
[2026-02-27T13:37:16.845+0000][52654][info ][safepoint   ] Safepoint "Cleanup", Time since last: 2000183652 ns, Reaching safepoint: 19848 ns, Cleanup: 8753 ns, At safepoint: 2021 ns, Total: 30622 ns
[2026-02-27T13:37:17.845+0000][52654][info ][safepoint   ] Safepoint "Cleanup", Time since last: 1000111528 ns, Reaching safepoint: 8949 ns, Cleanup: 9333 ns, At safepoint: 1909 ns, Total: 20191 ns
[2026-02-27T13:37:26.846+0000][52654][info ][safepoint   ] Safepoint "Cleanup", Time since last: 9000926908 ns, Reaching safepoint: 20362 ns, Cleanup: 7760 ns, At safepoint: 2123 ns, Total: 30245 ns
[2026-02-27T13:37:28.551+0000][52654][info ][safepoint   ] Safepoint "Cleanup", Time since last: 1704450069 ns, Reaching safepoint: 11785 ns, Cleanup: 13067 ns, At safepoint: 2777 ns, Total: 27629 ns
[2026-02-27T13:37:29.551+0000][52654][info ][safepoint   ] Safepoint "Cleanup", Time since last: 1000101228 ns, Reaching safepoint: 9025 ns, Cleanup: 9444 ns, At safepoint: 2292 ns, Total: 20761 ns
[2026-02-27T13:37:32.551+0000][52654][info ][safepoint   ] Safepoint "Cleanup", Time since last: 3000263010 ns, Reaching safepoint: 20971 ns, Cleanup: 11442 ns, At safepoint: 2337 ns, Total: 34750 ns
[2026-02-27T13:37:36.551+0000][52654][info ][safepoint   ] Safepoint "Cleanup", Time since last: 4000344731 ns, Reaching safepoint: 21081 ns, Cleanup: 11807 ns, At safepoint: 4410 ns, Total: 37298 ns
[2026-02-27T13:37:37.551+0000][52654][info ][safepoint   ] Safepoint "Cleanup", Time since last: 1000084381 ns, Reaching safepoint: 9107 ns, Cleanup: 11978 ns, At safepoint: 1868 ns, Total: 22953 ns
[2026-02-27T13:37:38.552+0000][52654][info ][safepoint   ] Safepoint "Cleanup", Time since last: 1000099784 ns, Reaching safepoint: 9769 ns, Cleanup: 9569 ns, At safepoint: 2218 ns, Total: 21556 ns
[2026-02-27T13:37:54.553+0000][52654][info ][safepoint   ] Safepoint "Cleanup", Time since last: 16001533645 ns, Reaching safepoint: 26326 ns, Cleanup: 9341 ns, At safepoint: 1998 ns, Total: 37665 ns
[2026-02-27T13:37:57.554+0000][52654][info ][safepoint   ] Safepoint "Cleanup", Time since last: 3000291365 ns, Reaching safepoint: 52419 ns, Cleanup: 18334 ns, At safepoint: 5381 ns, Total: 76134 ns
[2026-02-27T13:37:59.666+0000][52654][info ][safepoint   ] Safepoint "Cleanup", Time since last: 2112744909 ns, Reaching safepoint: 14614 ns, Cleanup: 17677 ns, At safepoint: 5571 ns, Total: 37862 ns
[2026-02-27T13:38:01.667+0000][52654][info ][safepoint   ] Safepoint "Cleanup", Time since last: 2000207864 ns, Reaching safepoint: 19815 ns, Cleanup: 20221 ns, At safepoint: 6701 ns, Total: 46737 ns
[2026-02-27T13:38:03.667+0000][52654][info ][safepoint   ] Safepoint "Cleanup", Time since last: 2000239469 ns, Reaching safepoint: 42476 ns, Cleanup: 16795 ns, At safepoint: 5536 ns, Total: 64807 ns
[2026-02-27T13:38:07.667+0000][52654][info ][safepoint   ] Safepoint "Cleanup", Time since last: 4000304023 ns, Reaching safepoint: 11620 ns, Cleanup: 14432 ns, At safepoint: 2604 ns, Total: 28656 ns
[2026-02-27T13:38:09.667+0000][52654][info ][safepoint   ] Safepoint "Cleanup", Time since last: 2000175280 ns, Reaching safepoint: 10974 ns, Cleanup: 14663 ns, At safepoint: 2737 ns, Total: 28374 ns
[2026-02-27T13:38:35.518+0000][52654][info ][safepoint   ] Safepoint "Cleanup", Time since last: 25850196589 ns, Reaching safepoint: 68382 ns, Cleanup: 14491 ns, At safepoint: 2317 ns, Total: 85190 ns
[2026-02-27T13:38:36.640+0000][52654][info ][safepoint   ] Safepoint "Cleanup", Time since last: 1122252895 ns, Reaching safepoint: 11488 ns, Cleanup: 62145 ns, At safepoint: 2942 ns, Total: 76575 ns
[2026-02-27T13:38:37.640+0000][52654][info ][safepoint   ] Safepoint "Cleanup", Time since last: 1000143474 ns, Reaching safepoint: 21050 ns, Cleanup: 13687 ns, At safepoint: 2187 ns, Total: 36924 ns
[2026-02-27T13:38:38.640+0000][52654][info ][safepoint   ] Safepoint "Cleanup", Time since last: 1000112245 ns, Reaching safepoint: 9973 ns, Cleanup: 12082 ns, At safepoint: 2391 ns, Total: 24446 ns
[2026-02-27T13:38:39.640+0000][52654][info ][safepoint   ] Safepoint "Cleanup", Time since last: 1000089528 ns, Reaching safepoint: 7595 ns, Cleanup: 16121 ns, At safepoint: 1815 ns, Total: 25531 ns
[2026-02-27T13:38:40.641+0000][52654][info ][safepoint   ] Safepoint "Cleanup", Time since last: 1000112567 ns, Reaching safepoint: 14890 ns, Cleanup: 35938 ns, At safepoint: 5998 ns, Total: 56826 ns
[2026-02-27T13:38:41.641+0000][52654][info ][safepoint   ] Safepoint "Cleanup", Time since last: 1000126551 ns, Reaching safepoint: 8057 ns, Cleanup: 10285 ns, At safepoint: 1941 ns, Total: 20283 ns
[2026-02-27T13:38:42.641+0000][52654][info ][safepoint   ] Safepoint "Cleanup", Time since last: 1000109061 ns, Reaching safepoint: 22723 ns, Cleanup: 13648 ns, At safepoint: 4107 ns, Total: 40478 ns
[2026-02-27T13:38:46.641+0000][52654][info ][safepoint   ] Safepoint "Cleanup", Time since last: 4000507497 ns, Reaching safepoint: 15571 ns, Cleanup: 19100 ns, At safepoint: 6613 ns, Total: 41284 ns
[2026-02-27T13:38:47.642+0000][52654][info ][safepoint   ] Safepoint "Cleanup", Time since last: 1000280735 ns, Reaching safepoint: 48604 ns, Cleanup: 19064 ns, At safepoint: 9773 ns, Total: 77441 ns
[2026-02-27T13:38:57.870+0000][52654][info ][safepoint   ] Safepoint "Cleanup", Time since last: 10228007763 ns, Reaching safepoint: 3667 ns, Cleanup: 24975 ns, At safepoint: 1236 ns, Total: 29878 ns
[2026-02-27T13:38:58.885+0000][52654][info ][safepoint   ] Safepoint "Cleanup", Time since last: 1015377243 ns, Reaching safepoint: 9891 ns, Cleanup: 22517 ns, At safepoint: 2338 ns, Total: 34746 ns
[2026-02-27T13:39:01.885+0000][52654][info ][safepoint   ] Safepoint "Cleanup", Time since last: 3000191354 ns, Reaching safepoint: 9866 ns, Cleanup: 13979 ns, At safepoint: 2130 ns, Total: 25975 ns
[2026-02-27T13:39:07.886+0000][52654][info ][safepoint   ] Safepoint "Cleanup", Time since last: 6000559024 ns, Reaching safepoint: 16519 ns, Cleanup: 24866 ns, At safepoint: 6685 ns, Total: 48070 ns
[2026-02-27T13:39:09.886+0000][52654][info ][safepoint   ] Safepoint "Cleanup", Time since last: 2000262379 ns, Reaching safepoint: 11744 ns, Cleanup: 34059 ns, At safepoint: 2592 ns, Total: 48395 ns
[2026-02-27T13:39:13.887+0000][52654][info ][safepoint   ] Safepoint "Cleanup", Time since last: 4000363633 ns, Reaching safepoint: 16101 ns, Cleanup: 18395 ns, At safepoint: 6126 ns, Total: 40622 ns
[2026-02-27T13:39:14.887+0000][52654][info ][safepoint   ] Safepoint "Cleanup", Time since last: 1000293002 ns, Reaching safepoint: 17715 ns, Cleanup: 18793 ns, At safepoint: 8500 ns, Total: 45008 ns
[2026-02-27T13:39:24.889+0000][52654][info ][safepoint   ] Safepoint "Cleanup", Time since last: 10001394425 ns, Reaching safepoint: 63980 ns, Cleanup: 19008 ns, At safepoint: 6756 ns, Total: 89744 ns
[2026-02-27T13:39:34.597+0000][52654][info ][safepoint   ] Safepoint "Cleanup", Time since last: 9707949141 ns, Reaching safepoint: 16910 ns, Cleanup: 18333 ns, At safepoint: 6606 ns, Total: 41849 ns
[2026-02-27T13:39:35.597+0000][52654][info ][safepoint   ] Safepoint "Cleanup", Time since last: 1000259002 ns, Reaching safepoint: 15744 ns, Cleanup: 20508 ns, At safepoint: 6477 ns, Total: 42729 ns
[2026-02-27T13:39:39.598+0000][52654][info ][safepoint   ] Safepoint "Cleanup", Time since last: 4000660861 ns, Reaching safepoint: 17201 ns, Cleanup: 18262 ns, At safepoint: 6711 ns, Total: 42174 ns
[2026-02-27T13:39:41.598+0000][52654][info ][safepoint   ] Safepoint "Cleanup", Time since last: 2000497170 ns, Reaching safepoint: 16807 ns, Cleanup: 19595 ns, At safepoint: 6405 ns, Total: 42807 ns
[2026-02-27T13:39:46.599+0000][52654][info ][safepoint   ] Safepoint "Cleanup", Time since last: 5000662050 ns, Reaching safepoint: 16978 ns, Cleanup: 18430 ns, At safepoint: 6182 ns, Total: 41590 ns
[2026-02-27T13:39:54.600+0000][52654][info ][safepoint   ] Safepoint "Cleanup", Time since last: 8001061340 ns, Reaching safepoint: 57037 ns, Cleanup: 19206 ns, At safepoint: 6729 ns, Total: 82972 ns
[2026-02-27T13:40:01.601+0000][52654][info ][safepoint   ] Safepoint "Cleanup", Time since last: 7001032813 ns, Reaching safepoint: 16353 ns, Cleanup: 18370 ns, At safepoint: 6053 ns, Total: 40776 ns
[2026-02-27T13:40:04.602+0000][52654][info ][safepoint   ] Safepoint "Cleanup", Time since last: 3000540953 ns, Reaching safepoint: 16790 ns, Cleanup: 21652 ns, At safepoint: 6131 ns, Total: 44573 ns
[2026-02-27T13:40:07.602+0000][52654][info ][safepoint   ] Safepoint "Cleanup", Time since last: 3000357760 ns, Reaching safepoint: 17790 ns, Cleanup: 21911 ns, At safepoint: 6248 ns, Total: 45949 ns
[2026-02-27T13:40:15.603+0000][52654][info ][safepoint   ] Safepoint "Cleanup", Time since last: 8000800939 ns, Reaching safepoint: 17016 ns, Cleanup: 18309 ns, At safepoint: 5985 ns, Total: 41310 ns
[2026-02-27T13:40:28.604+0000][52654][info ][safepoint   ] Safepoint "Cleanup", Time since last: 13001430843 ns, Reaching safepoint: 17235 ns, Cleanup: 18906 ns, At safepoint: 17681 ns, Total: 53822 ns
[2026-02-27T13:40:32.605+0000][52654][info ][safepoint   ] Safepoint "Cleanup", Time since last: 4000396585 ns, Reaching safepoint: 17082 ns, Cleanup: 18379 ns, At safepoint: 6302 ns, Total: 41763 ns
[2026-02-27T13:40:33.605+0000][52654][info ][safepoint   ] Safepoint "Cleanup", Time since last: 1000158353 ns, Reaching safepoint: 9310 ns, Cleanup: 9074 ns, At safepoint: 2383 ns, Total: 20767 ns
[2026-02-27T13:40:35.605+0000][52654][info ][safepoint   ] Safepoint "Cleanup", Time since last: 2000224257 ns, Reaching safepoint: 9066 ns, Cleanup: 9018 ns, At safepoint: 2094 ns, Total: 20178 ns
[2026-02-27T13:40:36.606+0000][52654][info ][safepoint   ] Safepoint "Cleanup", Time since last: 1000235242 ns, Reaching safepoint: 17307 ns, Cleanup: 22898 ns, At safepoint: 6678 ns, Total: 46883 ns
[2026-02-27T13:40:37.606+0000][52654][info ][safepoint   ] Safepoint "Cleanup", Time since last: 1000292891 ns, Reaching safepoint: 16892 ns, Cleanup: 19201 ns, At safepoint: 6462 ns, Total: 42555 ns
[2026-02-27T13:40:49.607+0000][52654][info ][safepoint   ] Safepoint "Cleanup", Time since last: 12001293875 ns, Reaching safepoint: 56021 ns, Cleanup: 18679 ns, At safepoint: 6585 ns, Total: 81285 ns
[2026-02-27T13:40:54.608+0000][52654][info ][safepoint   ] Safepoint "Cleanup", Time since last: 5000750501 ns, Reaching safepoint: 16610 ns, Cleanup: 18789 ns, At safepoint: 6335 ns, Total: 41734 ns
[2026-02-27T13:40:55.608+0000][52654][info ][safepoint   ] Safepoint "Cleanup", Time since last: 1000291686 ns, Reaching safepoint: 16665 ns, Cleanup: 18256 ns, At safepoint: 6239 ns, Total: 41160 ns
[2026-02-27T13:41:37.613+0000][52654][info ][safepoint   ] Safepoint "Cleanup", Time since last: 42004304915 ns, Reaching safepoint: 12045 ns, Cleanup: 14979 ns, At safepoint: 2071 ns, Total: 29095 ns
[2026-02-27T13:41:38.613+0000][52654][info ][safepoint   ] Safepoint "Cleanup", Time since last: 1000127108 ns, Reaching safepoint: 23185 ns, Cleanup: 27393 ns, At safepoint: 7410 ns, Total: 57988 ns
[2026-02-27T13:42:07.616+0000][52654][info ][safepoint   ] Safepoint "Cleanup", Time since last: 29002856648 ns, Reaching safepoint: 30100 ns, Cleanup: 12570 ns, At safepoint: 2721 ns, Total: 45391 ns
[2026-02-27T13:42:19.617+0000][52654][info ][safepoint   ] Safepoint "Cleanup", Time since last: 12001101099 ns, Reaching safepoint: 29013 ns, Cleanup: 11292 ns, At safepoint: 2276 ns, Total: 42581 ns
[2026-02-27T13:42:34.619+0000][52654][info ][safepoint   ] Safepoint "Cleanup", Time since last: 15001725549 ns, Reaching safepoint: 54235 ns, Cleanup: 17910 ns, At safepoint: 6463 ns, Total: 78608 ns
[2026-02-27T13:42:37.619+0000][52654][info ][safepoint   ] Safepoint "Cleanup", Time since last: 3000325463 ns, Reaching safepoint: 12216 ns, Cleanup: 10739 ns, At safepoint: 2609 ns, Total: 25564 ns
[2026-02-27T13:42:38.619+0000][52654][info ][safepoint   ] Safepoint "Cleanup", Time since last: 1000128803 ns, Reaching safepoint: 10855 ns, Cleanup: 11316 ns, At safepoint: 2043 ns, Total: 24214 ns
[2026-02-27T13:42:44.620+0000][52654][info ][safepoint   ] Safepoint "Cleanup", Time since last: 6000502362 ns, Reaching safepoint: 10503 ns, Cleanup: 16500 ns, At safepoint: 3473 ns, Total: 30476 ns
[2026-02-27T13:42:54.621+0000][52654][info ][safepoint   ] Safepoint "Cleanup", Time since last: 10000809168 ns, Reaching safepoint: 12425 ns, Cleanup: 11431 ns, At safepoint: 2325 ns, Total: 26181 ns
[2026-02-27T13:43:02.621+0000][52654][info ][safepoint   ] Safepoint "Cleanup", Time since last: 8000844547 ns, Reaching safepoint: 17237 ns, Cleanup: 18544 ns, At safepoint: 6311 ns, Total: 42092 ns
[2026-02-27T13:43:03.622+0000][52654][info ][safepoint   ] Safepoint "Cleanup", Time since last: 1000194029 ns, Reaching safepoint: 17516 ns, Cleanup: 25296 ns, At safepoint: 6606 ns, Total: 49418 ns
[2026-02-27T13:43:08.622+0000][52654][info ][safepoint   ] Safepoint "Cleanup", Time since last: 5000488629 ns, Reaching safepoint: 51674 ns, Cleanup: 19644 ns, At safepoint: 6185 ns, Total: 77503 ns
[2026-02-27T13:43:32.625+0000][52654][info ][safepoint   ] Safepoint "Cleanup", Time since last: 24002452136 ns, Reaching safepoint: 24721 ns, Cleanup: 7949 ns, At safepoint: 1875 ns, Total: 34545 ns
[2026-02-27T13:43:59.627+0000][52654][info ][safepoint   ] Safepoint "Cleanup", Time since last: 27002441489 ns, Reaching safepoint: 9898 ns, Cleanup: 17393 ns, At safepoint: 2065 ns, Total: 29356 ns
[2026-02-27T13:44:00.627+0000][52654][info ][safepoint   ] Safepoint "Cleanup", Time since last: 1000098792 ns, Reaching safepoint: 36014 ns, Cleanup: 15280 ns, At safepoint: 4418 ns, Total: 55712 ns
[2026-02-27T13:44:01.628+0000][52654][info ][safepoint   ] Safepoint "Cleanup", Time since last: 1000089769 ns, Reaching safepoint: 10400 ns, Cleanup: 11200 ns, At safepoint: 2536 ns, Total: 24136 ns
[2026-02-27T13:44:08.629+0000][52654][info ][safepoint   ] Safepoint "Cleanup", Time since last: 7001031769 ns, Reaching safepoint: 52485 ns, Cleanup: 21642 ns, At safepoint: 6690 ns, Total: 80817 ns
[2026-02-27T13:44:38.632+0000][52654][info ][safepoint   ] Safepoint "Cleanup", Time since last: 30002979735 ns, Reaching safepoint: 9935 ns, Cleanup: 10709 ns, At safepoint: 1998 ns, Total: 22642 ns
[2026-02-27T13:45:07.634+0000][52654][info ][safepoint   ] Safepoint "Cleanup", Time since last: 29002706160 ns, Reaching safepoint: 72988 ns, Cleanup: 19371 ns, At safepoint: 7487 ns, Total: 99846 ns
[2026-02-27T13:45:11.635+0000][52654][info ][safepoint   ] Safepoint "Cleanup", Time since last: 4000383125 ns, Reaching safepoint: 11076 ns, Cleanup: 13041 ns, At safepoint: 2751 ns, Total: 26868 ns
[2026-02-27T13:46:07.641+0000][52654][info ][safepoint   ] Safepoint "Cleanup", Time since last: 56005699134 ns, Reaching safepoint: 33025 ns, Cleanup: 10547 ns, At safepoint: 2751 ns, Total: 46323 ns
[2026-02-27T13:46:35.643+0000][52654][info ][safepoint   ] Safepoint "Cleanup", Time since last: 28002610462 ns, Reaching safepoint: 10382 ns, Cleanup: 10126 ns, At safepoint: 2349 ns, Total: 22857 ns
[2026-02-27T13:46:37.644+0000][52654][info ][safepoint   ] Safepoint "Cleanup", Time since last: 2000294027 ns, Reaching safepoint: 10363 ns, Cleanup: 12785 ns, At safepoint: 2223 ns, Total: 25371 ns
[2026-02-27T13:46:39.644+0000][52654][info ][safepoint   ] Safepoint "Cleanup", Time since last: 2000188320 ns, Reaching safepoint: 11452 ns, Cleanup: 11065 ns, At safepoint: 2444 ns, Total: 24961 ns
[2026-02-27T13:47:05.647+0000][52654][info ][safepoint   ] Safepoint "Cleanup", Time since last: 26002707077 ns, Reaching safepoint: 57351 ns, Cleanup: 18441 ns, At safepoint: 6560 ns, Total: 82352 ns
[2026-02-27T13:47:07.647+0000][52654][info ][safepoint   ] Safepoint "Cleanup", Time since last: 2000334052 ns, Reaching safepoint: 52268 ns, Cleanup: 18513 ns, At safepoint: 6748 ns, Total: 77529 ns
[2026-02-27T13:47:08.647+0000][52654][info ][safepoint   ] Safepoint "Cleanup", Time since last: 1000155459 ns, Reaching safepoint: 17512 ns, Cleanup: 18747 ns, At safepoint: 6480 ns, Total: 42739 ns
[2026-02-27T13:47:40.651+0000][52654][info ][safepoint   ] Safepoint "Cleanup", Time since last: 32003680594 ns, Reaching safepoint: 17622 ns, Cleanup: 20593 ns, At safepoint: 6452 ns, Total: 44667 ns
[2026-02-27T13:47:42.651+0000][52654][info ][safepoint   ] Safepoint "Cleanup", Time since last: 2000327291 ns, Reaching safepoint: 54518 ns, Cleanup: 19246 ns, At safepoint: 10829 ns, Total: 84593 ns
[2026-02-27T13:49:45.665+0000][52654][info ][safepoint   ] Safepoint "Cleanup", Time since last: 123013345965 ns, Reaching safepoint: 9393 ns, Cleanup: 9246 ns, At safepoint: 2244 ns, Total: 20883 ns
[2026-02-27T13:49:47.665+0000][52654][info ][safepoint   ] Safepoint "Cleanup", Time since last: 2000176467 ns, Reaching safepoint: 10327 ns, Cleanup: 9891 ns, At safepoint: 1977 ns, Total: 22195 ns
[2026-02-27T13:50:27.669+0000][52654][info ][safepoint   ] Safepoint "Cleanup", Time since last: 40003862733 ns, Reaching safepoint: 51283 ns, Cleanup: 19683 ns, At safepoint: 6590 ns, Total: 77556 ns
[2026-02-27T13:50:37.670+0000][52654][info ][safepoint   ] Safepoint "Cleanup", Time since last: 10001344500 ns, Reaching safepoint: 8860 ns, Cleanup: 9471 ns, At safepoint: 1750 ns, Total: 20081 ns
[2026-02-27T13:50:55.672+0000][52654][info ][safepoint   ] Safepoint "Cleanup", Time since last: 18001624434 ns, Reaching safepoint: 47405 ns, Cleanup: 17952 ns, At safepoint: 8529 ns, Total: 73886 ns
[2026-02-27T13:51:07.674+0000][52654][info ][safepoint   ] Safepoint "Cleanup", Time since last: 12001624339 ns, Reaching safepoint: 51892 ns, Cleanup: 21547 ns, At safepoint: 6700 ns, Total: 80139 ns
[2026-02-27T13:51:35.677+0000][52654][info ][safepoint   ] Safepoint "Cleanup", Time since last: 28003276416 ns, Reaching safepoint: 18081 ns, Cleanup: 18354 ns, At safepoint: 41603 ns, Total: 78038 ns
[2026-02-27T13:51:36.677+0000][52654][info ][safepoint   ] Safepoint "Cleanup", Time since last: 1000234942 ns, Reaching safepoint: 18187 ns, Cleanup: 18458 ns, At safepoint: 6627 ns, Total: 43272 ns
[2026-02-27T13:51:37.677+0000][52654][info ][safepoint   ] Safepoint "Cleanup", Time since last: 1000187090 ns, Reaching safepoint: 17979 ns, Cleanup: 26380 ns, At safepoint: 6541 ns, Total: 50900 ns
[2026-02-27T13:51:57.680+0000][52654][info ][safepoint   ] Safepoint "Cleanup", Time since last: 20002718785 ns, Reaching safepoint: 51773 ns, Cleanup: 18326 ns, At safepoint: 4645 ns, Total: 74744 ns
[2026-02-27T13:52:07.682+0000][52654][info ][safepoint   ] Safepoint "Cleanup", Time since last: 10001238542 ns, Reaching safepoint: 22709 ns, Cleanup: 14983 ns, At safepoint: 3135 ns, Total: 40827 ns
[2026-02-27T13:52:08.682+0000][52654][info ][safepoint   ] Safepoint "Cleanup", Time since last: 1000084392 ns, Reaching safepoint: 11558 ns, Cleanup: 10654 ns, At safepoint: 1932 ns, Total: 24144 ns
[2026-02-27T13:52:30.684+0000][52654][info ][safepoint   ] Safepoint "Cleanup", Time since last: 22002061644 ns, Reaching safepoint: 64541 ns, Cleanup: 22626 ns, At safepoint: 13095 ns, Total: 100262 ns
[2026-02-27T13:52:36.685+0000][52654][info ][safepoint   ] Safepoint "Cleanup", Time since last: 6000819456 ns, Reaching safepoint: 53145 ns, Cleanup: 18566 ns, At safepoint: 11107 ns, Total: 82818 ns
[2026-02-27T13:52:37.685+0000][52654][info ][safepoint   ] Safepoint "Cleanup", Time since last: 1000188082 ns, Reaching safepoint: 18257 ns, Cleanup: 24831 ns, At safepoint: 5983 ns, Total: 49071 ns
[2026-02-27T13:52:44.899+0000][52654][info ][gc,start    ] GC(11) Pause Young (Normal) (G1 Evacuation Pause)
[2026-02-27T13:52:44.900+0000][52654][info ][gc,task     ] GC(11) Using 8 workers of 8 for evacuation
[2026-02-27T13:52:44.900+0000][52654][debug][gc,age      ] GC(11) Desired survivor size 60817408 bytes, new threshold 15 (max threshold 15)
[2026-02-27T13:52:44.932+0000][52654][info ][gc,phases   ] GC(11)   Pre Evacuate Collection Set: 0.9ms
[2026-02-27T13:52:44.932+0000][52654][info ][gc,phases   ] GC(11)   Merge Heap Roots: 0.2ms
[2026-02-27T13:52:44.932+0000][52654][info ][gc,phases   ] GC(11)   Evacuate Collection Set: 28.6ms
[2026-02-27T13:52:44.932+0000][52654][info ][gc,phases   ] GC(11)   Post Evacuate Collection Set: 2.1ms
[2026-02-27T13:52:44.932+0000][52654][info ][gc,phases   ] GC(11)   Other: 0.1ms
[2026-02-27T13:52:44.932+0000][52654][trace][gc,age      ] GC(11) Age table with threshold 15 (max threshold 15)
[2026-02-27T13:52:44.932+0000][52654][trace][gc,age      ] GC(11) - age   1:   30369824 bytes,   30369824 total
[2026-02-27T13:52:44.932+0000][52654][trace][gc,age      ] GC(11) - age   2:   30207176 bytes,   60577000 total
[2026-02-27T13:52:44.932+0000][52654][trace][gc,age      ] GC(11) - age   3:    6047600 bytes,   66624600 total
[2026-02-27T13:52:44.932+0000][52654][trace][gc,age      ] GC(11) - age   4:    3560056 bytes,   70184656 total
[2026-02-27T13:52:44.932+0000][52654][trace][gc,age      ] GC(11) - age   5:    4301648 bytes,   74486304 total
[2026-02-27T13:52:44.932+0000][52654][trace][gc,age      ] GC(11) - age   6:    4522832 bytes,   79009136 total
[2026-02-27T13:52:44.932+0000][52654][trace][gc,age      ] GC(11) - age   7:    8505320 bytes,   87514456 total
[2026-02-27T13:52:44.932+0000][52654][info ][gc,heap     ] GC(11) Eden regions: 215->0(176)
[2026-02-27T13:52:44.932+0000][52654][info ][gc,heap     ] GC(11) Survivor regions: 15->24(29)
[2026-02-27T13:52:44.932+0000][52654][info ][gc,heap     ] GC(11) Old regions: 4->4
[2026-02-27T13:52:44.932+0000][52654][info ][gc,heap     ] GC(11) Humongous regions: 2->2
[2026-02-27T13:52:44.932+0000][52654][info ][gc,metaspace] GC(11) Metaspace: 137551K(141312K)->137551K(141312K) NonClass: 118487K(120448K)->118487K(120448K) Class: 19064K(20864K)->19064K(20864K)
[2026-02-27T13:52:44.932+0000][52654][info ][gc          ] GC(11) Pause Young (Normal) (G1 Evacuation Pause) 939M->114M(7868M) 32.395ms
[2026-02-27T13:52:44.932+0000][52654][info ][gc,cpu      ] GC(11) User=0.24s Sys=0.00s Real=0.04s
[2026-02-27T13:52:44.932+0000][52654][info ][safepoint   ] Safepoint "G1CollectForAllocation", Time since last: 7214472098 ns, Reaching safepoint: 27324 ns, Cleanup: 5834 ns, At safepoint: 32469791 ns, Total: 32502949 ns
[2026-02-27T13:52:45.932+0000][52654][info ][safepoint   ] Safepoint "Cleanup", Time since last: 1000195208 ns, Reaching safepoint: 53425 ns, Cleanup: 18459 ns, At safepoint: 11339 ns, Total: 83223 ns
[2026-02-27T13:53:09.935+0000][52654][info ][safepoint   ] Safepoint "Cleanup", Time since last: 24002495656 ns, Reaching safepoint: 51798 ns, Cleanup: 18621 ns, At safepoint: 6642 ns, Total: 77061 ns
[2026-02-27T13:53:45.938+0000][52654][info ][safepoint   ] Safepoint "Cleanup", Time since last: 36003093438 ns, Reaching safepoint: 10072 ns, Cleanup: 9711 ns, At safepoint: 1956 ns, Total: 21739 ns
[2026-02-27T13:54:17.941+0000][52654][info ][safepoint   ] Safepoint "Cleanup", Time since last: 32002714892 ns, Reaching safepoint: 28311 ns, Cleanup: 12900 ns, At safepoint: 3180 ns, Total: 44391 ns
[2026-02-27T13:54:24.941+0000][52654][info ][safepoint   ] Safepoint "Cleanup", Time since last: 7000641128 ns, Reaching safepoint: 17411 ns, Cleanup: 17532 ns, At safepoint: 6233 ns, Total: 41176 ns
[2026-02-27T13:54:37.943+0000][52654][info ][safepoint   ] Safepoint "Cleanup", Time since last: 13001269497 ns, Reaching safepoint: 18231 ns, Cleanup: 18394 ns, At safepoint: 6750 ns, Total: 43375 ns
[2026-02-27T13:54:58.945+0000][52654][info ][safepoint   ] Safepoint "Cleanup", Time since last: 21002466146 ns, Reaching safepoint: 30508 ns, Cleanup: 57530 ns, At safepoint: 11930 ns, Total: 99968 ns
[2026-02-27T13:55:07.946+0000][52654][info ][safepoint   ] Safepoint "Cleanup", Time since last: 9000800728 ns, Reaching safepoint: 11281 ns, Cleanup: 10732 ns, At safepoint: 3110 ns, Total: 25123 ns
[2026-02-27T13:55:48.950+0000][52654][info ][safepoint   ] Safepoint "Cleanup", Time since last: 41003655995 ns, Reaching safepoint: 13060 ns, Cleanup: 16122 ns, At safepoint: 3237 ns, Total: 32419 ns
[2026-02-27T13:56:07.952+0000][52654][info ][safepoint   ] Safepoint "Cleanup", Time since last: 19002210682 ns, Reaching safepoint: 30491 ns, Cleanup: 12640 ns, At safepoint: 2912 ns, Total: 46043 ns
[2026-02-27T13:56:48.956+0000][52654][info ][safepoint   ] Safepoint "Cleanup", Time since last: 41003715489 ns, Reaching safepoint: 12580 ns, Cleanup: 12321 ns, At safepoint: 3399 ns, Total: 28300 ns
[2026-02-27T13:57:07.958+0000][52654][info ][safepoint   ] Safepoint "Cleanup", Time since last: 19001768983 ns, Reaching safepoint: 58400 ns, Cleanup: 17621 ns, At safepoint: 6796 ns, Total: 82817 ns
[2026-02-27T13:57:37.962+0000][52654][info ][safepoint   ] Safepoint "Cleanup", Time since last: 30004848566 ns, Reaching safepoint: 10357 ns, Cleanup: 11386 ns, At safepoint: 3050 ns, Total: 24793 ns
[2026-02-27T13:57:59.965+0000][52654][info ][safepoint   ] Safepoint "Cleanup", Time since last: 22002516668 ns, Reaching safepoint: 55236 ns, Cleanup: 20352 ns, At safepoint: 10827 ns, Total: 86415 ns
[2026-02-27T13:58:09.966+0000][52654][info ][safepoint   ] Safepoint "Cleanup", Time since last: 10000980312 ns, Reaching safepoint: 28316 ns, Cleanup: 10905 ns, At safepoint: 3850 ns, Total: 43071 ns
[2026-02-27T13:59:07.972+0000][52654][info ][safepoint   ] Safepoint "Cleanup", Time since last: 58005417490 ns, Reaching safepoint: 54138 ns, Cleanup: 23329 ns, At safepoint: 6934 ns, Total: 84401 ns
[2026-02-27T13:59:37.976+0000][52654][info ][safepoint   ] Safepoint "Cleanup", Time since last: 30004579330 ns, Reaching safepoint: 55781 ns, Cleanup: 25521 ns, At safepoint: 6642 ns, Total: 87944 ns
[2026-02-27T14:00:07.980+0000][52654][info ][safepoint   ] Safepoint "Cleanup", Time since last: 30003283196 ns, Reaching safepoint: 50672 ns, Cleanup: 18651 ns, At safepoint: 9038 ns, Total: 78361 ns
[2026-02-27T14:00:42.985+0000][52654][info ][safepoint   ] Safepoint "Cleanup", Time since last: 35005768551 ns, Reaching safepoint: 20910 ns, Cleanup: 22140 ns, At safepoint: 3594 ns, Total: 46644 ns
[2026-02-27T14:00:47.986+0000][52654][info ][safepoint   ] Safepoint "Cleanup", Time since last: 5000614549 ns, Reaching safepoint: 85921 ns, Cleanup: 23170 ns, At safepoint: 8553 ns, Total: 117644 ns
[2026-02-27T14:00:48.102+0000][52654][info ][safepoint   ] Safepoint "ICBufferFull", Time since last: 116152122 ns, Reaching safepoint: 15682 ns, Cleanup: 136461 ns, At safepoint: 4262 ns, Total: 156405 ns
[2026-02-27T14:00:50.065+0000][52654][info ][safepoint   ] Safepoint "Cleanup", Time since last: 1962029112 ns, Reaching safepoint: 18588 ns, Cleanup: 117747 ns, At safepoint: 3994 ns, Total: 140329 ns
[2026-02-27T14:00:53.065+0000][52654][info ][safepoint   ] Safepoint "Cleanup", Time since last: 3000320691 ns, Reaching safepoint: 14202 ns, Cleanup: 13324 ns, At safepoint: 3053 ns, Total: 30579 ns
[2026-02-27T14:00:54.065+0000][52654][info ][safepoint   ] Safepoint "Cleanup", Time since last: 1000106313 ns, Reaching safepoint: 10247 ns, Cleanup: 91969 ns, At safepoint: 2548 ns, Total: 104764 ns
[2026-02-27T14:00:55.168+0000][52654][info ][safepoint   ] Safepoint "Cleanup", Time since last: 1102294660 ns, Reaching safepoint: 12352 ns, Cleanup: 20430 ns, At safepoint: 3210 ns, Total: 35992 ns
[2026-02-27T14:00:59.168+0000][52654][info ][safepoint   ] Safepoint "Cleanup", Time since last: 4000449968 ns, Reaching safepoint: 13249 ns, Cleanup: 19612 ns, At safepoint: 3993 ns, Total: 36854 ns
[2026-02-27T14:01:00.178+0000][52654][info ][safepoint   ] Safepoint "Cleanup", Time since last: 1010063755 ns, Reaching safepoint: 12964 ns, Cleanup: 16162 ns, At safepoint: 3060 ns, Total: 32186 ns
[2026-02-27T14:01:08.179+0000][52654][info ][safepoint   ] Safepoint "Cleanup", Time since last: 8000626270 ns, Reaching safepoint: 31340 ns, Cleanup: 19286 ns, At safepoint: 2995 ns, Total: 53621 ns
[2026-02-27T14:01:18.180+0000][52654][info ][safepoint   ] Safepoint "Cleanup", Time since last: 10000762248 ns, Reaching safepoint: 12662 ns, Cleanup: 15654 ns, At safepoint: 1887 ns, Total: 30203 ns
[2026-02-27T14:01:35.180+0000][52654][info ][safepoint   ] Safepoint "Cleanup", Time since last: 17000072561 ns, Reaching safepoint: 13740 ns, Cleanup: 12143 ns, At safepoint: 2857 ns, Total: 28740 ns
[2026-02-27T14:01:38.180+0000][52654][info ][safepoint   ] Safepoint "Cleanup", Time since last: 3000295080 ns, Reaching safepoint: 12782 ns, Cleanup: 20203 ns, At safepoint: 3486 ns, Total: 36471 ns
[2026-02-27T14:01:58.182+0000][52654][info ][safepoint   ] Safepoint "Cleanup", Time since last: 20001554454 ns, Reaching safepoint: 15391 ns, Cleanup: 16904 ns, At safepoint: 1953 ns, Total: 34248 ns
[2026-02-27T14:02:00.182+0000][52654][info ][safepoint   ] Safepoint "Cleanup", Time since last: 2000185934 ns, Reaching safepoint: 11126 ns, Cleanup: 12479 ns, At safepoint: 2300 ns, Total: 25905 ns
[2026-02-27T14:02:23.184+0000][52654][info ][safepoint   ] Safepoint "Cleanup", Time since last: 23002127513 ns, Reaching safepoint: 30054 ns, Cleanup: 13878 ns, At safepoint: 2684 ns, Total: 46616 ns
[2026-02-27T14:02:27.186+0000][52654][info ][safepoint   ] Safepoint "Cleanup", Time since last: 4001630302 ns, Reaching safepoint: 48455 ns, Cleanup: 14184 ns, At safepoint: 10116 ns, Total: 72755 ns
[2026-02-27T14:02:38.187+0000][52654][info ][safepoint   ] Safepoint "Cleanup", Time since last: 11000964774 ns, Reaching safepoint: 12758 ns, Cleanup: 13765 ns, At safepoint: 3144 ns, Total: 29667 ns
[2026-02-27T14:03:30.192+0000][52654][info ][safepoint   ] Safepoint "Cleanup", Time since last: 52005068748 ns, Reaching safepoint: 13919 ns, Cleanup: 13065 ns, At safepoint: 30852 ns, Total: 57836 ns
[2026-02-27T14:03:37.193+0000][52654][info ][safepoint   ] Safepoint "Cleanup", Time since last: 7000781299 ns, Reaching safepoint: 36879 ns, Cleanup: 12798 ns, At safepoint: 5628 ns, Total: 55305 ns
[2026-02-27T14:04:08.195+0000][52654][info ][safepoint   ] Safepoint "Cleanup", Time since last: 31002618950 ns, Reaching safepoint: 31455 ns, Cleanup: 11716 ns, At safepoint: 2383 ns, Total: 45554 ns
[2026-02-27T14:04:17.196+0000][52654][info ][safepoint   ] Safepoint "Cleanup", Time since last: 9000704653 ns, Reaching safepoint: 11046 ns, Cleanup: 12549 ns, At safepoint: 2529 ns, Total: 26124 ns
[2026-02-27T14:04:37.198+0000][52654][info ][safepoint   ] Safepoint "Cleanup", Time since last: 20001826901 ns, Reaching safepoint: 22490 ns, Cleanup: 11887 ns, At safepoint: 2630 ns, Total: 37007 ns
[2026-02-27T14:04:38.198+0000][52654][info ][safepoint   ] Safepoint "Cleanup", Time since last: 1000118068 ns, Reaching safepoint: 56957 ns, Cleanup: 67507 ns, At safepoint: 13118 ns, Total: 137582 ns
[2026-02-27T14:05:36.204+0000][52654][info ][safepoint   ] Safepoint "Cleanup", Time since last: 58005429301 ns, Reaching safepoint: 28950 ns, Cleanup: 10575 ns, At safepoint: 2900 ns, Total: 42425 ns
[2026-02-27T14:05:44.204+0000][52654][info ][safepoint   ] Safepoint "Cleanup", Time since last: 8000795783 ns, Reaching safepoint: 18477 ns, Cleanup: 26289 ns, At safepoint: 4876 ns, Total: 49642 ns
[2026-02-27T14:05:50.205+0000][52654][info ][safepoint   ] Safepoint "Cleanup", Time since last: 6000593091 ns, Reaching safepoint: 55820 ns, Cleanup: 18433 ns, At safepoint: 6483 ns, Total: 80736 ns
[2026-02-27T14:06:01.206+0000][52654][info ][safepoint   ] Safepoint "Cleanup", Time since last: 11001071369 ns, Reaching safepoint: 38351 ns, Cleanup: 13144 ns, At safepoint: 4401 ns, Total: 55896 ns
[2026-02-27T14:06:18.208+0000][52654][info ][safepoint   ] Safepoint "Cleanup", Time since last: 17001960718 ns, Reaching safepoint: 52590 ns, Cleanup: 19442 ns, At safepoint: 6488 ns, Total: 78520 ns
[2026-02-27T14:06:23.209+0000][52654][info ][safepoint   ] Safepoint "Cleanup", Time since last: 5000655972 ns, Reaching safepoint: 31840 ns, Cleanup: 12278 ns, At safepoint: 3001 ns, Total: 47119 ns
[2026-02-27T14:06:26.209+0000][52654][info ][safepoint   ] Safepoint "Cleanup", Time since last: 3000293425 ns, Reaching safepoint: 30899 ns, Cleanup: 10078 ns, At safepoint: 2682 ns, Total: 43659 ns
[2026-02-27T14:06:38.211+0000][52654][info ][safepoint   ] Safepoint "Cleanup", Time since last: 12001358704 ns, Reaching safepoint: 19177 ns, Cleanup: 79049 ns, At safepoint: 6995 ns, Total: 105221 ns
[2026-02-27T14:06:42.211+0000][52654][info ][safepoint   ] Safepoint "Cleanup", Time since last: 4000603488 ns, Reaching safepoint: 49170 ns, Cleanup: 21021 ns, At safepoint: 6283 ns, Total: 76474 ns
[2026-02-27T14:06:53.213+0000][52654][info ][safepoint   ] Safepoint "Cleanup", Time since last: 11001394304 ns, Reaching safepoint: 56413 ns, Cleanup: 18532 ns, At safepoint: 7043 ns, Total: 81988 ns
[2026-02-27T14:07:05.214+0000][52654][info ][safepoint   ] Safepoint "Cleanup", Time since last: 12001346215 ns, Reaching safepoint: 71012 ns, Cleanup: 20016 ns, At safepoint: 7829 ns, Total: 98857 ns
[2026-02-27T14:07:14.216+0000][52654][info ][safepoint   ] Safepoint "Cleanup", Time since last: 9001380775 ns, Reaching safepoint: 17275 ns, Cleanup: 16398 ns, At safepoint: 6002 ns, Total: 39675 ns
[2026-02-27T14:07:16.216+0000][52654][info ][safepoint   ] Safepoint "Cleanup", Time since last: 2000216737 ns, Reaching safepoint: 15073 ns, Cleanup: 12172 ns, At safepoint: 2813 ns, Total: 30058 ns
[2026-02-27T14:07:27.217+0000][52654][info ][safepoint   ] Safepoint "Cleanup", Time since last: 11001283308 ns, Reaching safepoint: 77298 ns, Cleanup: 17941 ns, At safepoint: 7544 ns, Total: 102783 ns
[2026-02-27T14:07:29.340+0000][52654][info ][safepoint   ] Safepoint "Cleanup", Time since last: 2122695147 ns, Reaching safepoint: 18519 ns, Cleanup: 16670 ns, At safepoint: 6122 ns, Total: 41311 ns
[2026-02-27T14:07:31.341+0000][52654][info ][safepoint   ] Safepoint "Cleanup", Time since last: 2000333141 ns, Reaching safepoint: 18829 ns, Cleanup: 24570 ns, At safepoint: 5943 ns, Total: 49342 ns
[2026-02-27T14:07:38.341+0000][52654][info ][safepoint   ] Safepoint "Cleanup", Time since last: 7000638978 ns, Reaching safepoint: 24287 ns, Cleanup: 22964 ns, At safepoint: 7691 ns, Total: 54942 ns
[2026-02-27T14:07:59.344+0000][52654][info ][safepoint   ] Safepoint "Cleanup", Time since last: 21002437517 ns, Reaching safepoint: 24011 ns, Cleanup: 10835 ns, At safepoint: 2316 ns, Total: 37162 ns
[2026-02-27T14:08:08.345+0000][52654][info ][safepoint   ] Safepoint "Cleanup", Time since last: 9000901865 ns, Reaching safepoint: 52136 ns, Cleanup: 21632 ns, At safepoint: 6582 ns, Total: 80350 ns
[2026-02-27T14:08:15.346+0000][52654][info ][safepoint   ] Safepoint "Cleanup", Time since last: 7001071748 ns, Reaching safepoint: 54453 ns, Cleanup: 18367 ns, At safepoint: 6629 ns, Total: 79449 ns
[2026-02-27T14:09:03.352+0000][52654][info ][safepoint   ] Safepoint "Cleanup", Time since last: 48005764114 ns, Reaching safepoint: 19781 ns, Cleanup: 25919 ns, At safepoint: 7002 ns, Total: 52702 ns
[2026-02-27T14:09:08.352+0000][52654][info ][safepoint   ] Safepoint "Cleanup", Time since last: 5000632371 ns, Reaching safepoint: 50947 ns, Cleanup: 13737 ns, At safepoint: 3639 ns, Total: 68323 ns
[2026-02-27T14:09:19.354+0000][52654][info ][safepoint   ] Safepoint "Cleanup", Time since last: 11001029045 ns, Reaching safepoint: 100055 ns, Cleanup: 41589 ns, At safepoint: 6768 ns, Total: 148412 ns
[2026-02-27T14:09:38.355+0000][52654][info ][safepoint   ] Safepoint "Cleanup", Time since last: 19001615905 ns, Reaching safepoint: 29880 ns, Cleanup: 10563 ns, At safepoint: 5547 ns, Total: 45990 ns
[2026-02-27T14:09:56.357+0000][52654][info ][safepoint   ] Safepoint "Cleanup", Time since last: 18001427147 ns, Reaching safepoint: 42862 ns, Cleanup: 9066 ns, At safepoint: 2655 ns, Total: 54583 ns
[2026-02-27T14:11:38.369+0000][52654][info ][safepoint   ] Safepoint "Cleanup", Time since last: 102012702374 ns, Reaching safepoint: 12157 ns, Cleanup: 10146 ns, At safepoint: 2403 ns, Total: 24706 ns
[2026-02-27T14:11:45.370+0000][52654][info ][safepoint   ] Safepoint "Cleanup", Time since last: 7000649109 ns, Reaching safepoint: 52930 ns, Cleanup: 23493 ns, At safepoint: 5736 ns, Total: 82159 ns
[2026-02-27T14:12:08.374+0000][52654][info ][safepoint   ] Safepoint "Cleanup", Time since last: 23003508816 ns, Reaching safepoint: 18673 ns, Cleanup: 21797 ns, At safepoint: 6803 ns, Total: 47273 ns
[2026-02-27T14:12:51.380+0000][52654][info ][safepoint   ] Safepoint "Cleanup", Time since last: 43005880886 ns, Reaching safepoint: 20615 ns, Cleanup: 19887 ns, At safepoint: 6808 ns, Total: 47310 ns
[2026-02-27T14:12:53.380+0000][52654][info ][safepoint   ] Safepoint "Cleanup", Time since last: 2000503865 ns, Reaching safepoint: 19833 ns, Cleanup: 18712 ns, At safepoint: 7062 ns, Total: 45607 ns
[2026-02-27T14:13:08.383+0000][52654][info ][safepoint   ] Safepoint "Cleanup", Time since last: 15002336227 ns, Reaching safepoint: 57157 ns, Cleanup: 23471 ns, At safepoint: 12145 ns, Total: 92773 ns
[2026-02-27T14:13:10.383+0000][52654][info ][safepoint   ] Safepoint "Cleanup", Time since last: 2000349334 ns, Reaching safepoint: 20860 ns, Cleanup: 19986 ns, At safepoint: 7051 ns, Total: 47897 ns
[2026-02-27T14:13:45.387+0000][52654][info ][safepoint   ] Safepoint "Cleanup", Time since last: 35004082876 ns, Reaching safepoint: 58236 ns, Cleanup: 18387 ns, At safepoint: 6811 ns, Total: 83434 ns
[2026-02-27T14:14:02.389+0000][52654][info ][safepoint   ] Safepoint "Cleanup", Time since last: 17001844712 ns, Reaching safepoint: 10455 ns, Cleanup: 8336 ns, At safepoint: 2070 ns, Total: 20861 ns
[2026-02-27T14:14:03.389+0000][52654][info ][safepoint   ] Safepoint "Cleanup", Time since last: 1000134625 ns, Reaching safepoint: 19720 ns, Cleanup: 16789 ns, At safepoint: 6274 ns, Total: 42783 ns
[2026-02-27T14:14:05.390+0000][52654][info ][safepoint   ] Safepoint "Cleanup", Time since last: 2000329848 ns, Reaching safepoint: 12178 ns, Cleanup: 12353 ns, At safepoint: 2484 ns, Total: 27015 ns
[2026-02-27T14:14:05.613+0000][52654][info ][gc,start    ] GC(12) Pause Young (Normal) (G1 Evacuation Pause)
[2026-02-27T14:14:05.613+0000][52654][info ][gc,task     ] GC(12) Using 8 workers of 8 for evacuation
[2026-02-27T14:14:05.613+0000][52654][debug][gc,age      ] GC(12) Desired survivor size 54525952 bytes, new threshold 2 (max threshold 15)
[2026-02-27T14:14:05.642+0000][52654][info ][gc,phases   ] GC(12)   Pre Evacuate Collection Set: 0.3ms
[2026-02-27T14:14:05.642+0000][52654][info ][gc,phases   ] GC(12)   Merge Heap Roots: 0.0ms
[2026-02-27T14:14:05.642+0000][52654][info ][gc,phases   ] GC(12)   Evacuate Collection Set: 27.2ms
[2026-02-27T14:14:05.642+0000][52654][info ][gc,phases   ] GC(12)   Post Evacuate Collection Set: 1.5ms
[2026-02-27T14:14:05.642+0000][52654][info ][gc,phases   ] GC(12)   Other: 0.1ms
[2026-02-27T14:14:05.642+0000][52654][trace][gc,age      ] GC(12) Age table with threshold 2 (max threshold 15)
[2026-02-27T14:14:05.642+0000][52654][trace][gc,age      ] GC(12) - age   1:    1424528 bytes,    1424528 total
[2026-02-27T14:14:05.642+0000][52654][trace][gc,age      ] GC(12) - age   2:   29746600 bytes,   31171128 total
[2026-02-27T14:14:05.642+0000][52654][info ][gc,heap     ] GC(12) Eden regions: 178->0(541)
[2026-02-27T14:14:05.642+0000][52654][info ][gc,heap     ] GC(12) Survivor regions: 24->10(26)
[2026-02-27T14:14:05.642+0000][52654][info ][gc,heap     ] GC(12) Old regions: 4->18
[2026-02-27T14:14:05.642+0000][52654][info ][gc,heap     ] GC(12) Humongous regions: 2->2
[2026-02-27T14:14:05.642+0000][52654][info ][gc,metaspace] GC(12) Metaspace: 139198K(143040K)->139198K(143040K) NonClass: 119939K(121920K)->119939K(121920K) Class: 19258K(21120K)->19258K(21120K)
[2026-02-27T14:14:05.642+0000][52654][info ][gc          ] GC(12) Pause Young (Normal) (G1 Evacuation Pause) 826M->114M(7868M) 29.248ms
[2026-02-27T14:14:05.642+0000][52654][info ][gc,cpu      ] GC(12) User=0.21s Sys=0.00s Real=0.03s
[2026-02-27T14:14:05.642+0000][52654][info ][safepoint   ] Safepoint "G1CollectForAllocation", Time since last: 223196103 ns, Reaching safepoint: 10486 ns, Cleanup: 3023 ns, At safepoint: 29301246 ns, Total: 29314755 ns
[2026-02-27T14:14:08.642+0000][52654][info ][safepoint   ] Safepoint "Cleanup", Time since last: 3000323735 ns, Reaching safepoint: 20272 ns, Cleanup: 25686 ns, At safepoint: 5779 ns, Total: 51737 ns
[2026-02-27T14:15:23.652+0000][52654][info ][safepoint   ] Safepoint "Cleanup", Time since last: 75009011143 ns, Reaching safepoint: 52322 ns, Cleanup: 18958 ns, At safepoint: 6144 ns, Total: 77424 ns
[2026-02-27T14:15:38.654+0000][52654][info ][safepoint   ] Safepoint "Cleanup", Time since last: 15002025689 ns, Reaching safepoint: 33594 ns, Cleanup: 15232 ns, At safepoint: 5511 ns, Total: 54337 ns
[2026-02-27T14:16:38.660+0000][52654][info ][safepoint   ] Safepoint "Cleanup", Time since last: 60006598447 ns, Reaching safepoint: 20011 ns, Cleanup: 20468 ns, At safepoint: 6617 ns, Total: 47096 ns
[2026-02-27T14:17:08.664+0000][52654][info ][safepoint   ] Safepoint "Cleanup", Time since last: 30003127134 ns, Reaching safepoint: 70689 ns, Cleanup: 36369 ns, At safepoint: 13259 ns, Total: 120317 ns
[2026-02-27T14:17:38.667+0000][52654][info ][safepoint   ] Safepoint "Cleanup", Time since last: 30003573705 ns, Reaching safepoint: 20690 ns, Cleanup: 18376 ns, At safepoint: 6906 ns, Total: 45972 ns
[2026-02-27T14:18:08.672+0000][52654][info ][safepoint   ] Safepoint "Cleanup", Time since last: 30004446292 ns, Reaching safepoint: 56215 ns, Cleanup: 24509 ns, At safepoint: 6718 ns, Total: 87442 ns
[2026-02-27T14:19:08.679+0000][52654][info ][safepoint   ] Safepoint "Cleanup", Time since last: 60007337134 ns, Reaching safepoint: 64052 ns, Cleanup: 20063 ns, At safepoint: 6973 ns, Total: 91088 ns
[2026-02-27T14:19:11.679+0000][52654][info ][safepoint   ] Safepoint "Cleanup", Time since last: 3000313898 ns, Reaching safepoint: 20639 ns, Cleanup: 21185 ns, At safepoint: 6553 ns, Total: 48377 ns
[2026-02-27T14:19:38.682+0000][52654][info ][safepoint   ] Safepoint "Cleanup", Time since last: 27002792376 ns, Reaching safepoint: 37821 ns, Cleanup: 15472 ns, At safepoint: 2983 ns, Total: 56276 ns
[2026-02-27T14:20:18.686+0000][52654][info ][safepoint   ] Safepoint "Cleanup", Time since last: 40003776111 ns, Reaching safepoint: 38445 ns, Cleanup: 16419 ns, At safepoint: 3161 ns, Total: 58025 ns
[2026-02-27T14:20:33.692+0000][52654][info ][safepoint   ] Safepoint "Cleanup", Time since last: 15006192593 ns, Reaching safepoint: 12317 ns, Cleanup: 21957 ns, At safepoint: 2574 ns, Total: 36848 ns
[2026-02-27T14:20:34.771+0000][52654][info ][safepoint   ] Safepoint "Cleanup", Time since last: 1078724323 ns, Reaching safepoint: 5386 ns, Cleanup: 22571 ns, At safepoint: 2078 ns, Total: 30035 ns
[2026-02-27T14:20:35.773+0000][52654][info ][safepoint   ] Safepoint "Cleanup", Time since last: 1001357836 ns, Reaching safepoint: 11518 ns, Cleanup: 45084 ns, At safepoint: 4226 ns, Total: 60828 ns
[2026-02-27T14:20:37.773+0000][52654][info ][safepoint   ] Safepoint "Cleanup", Time since last: 2000319765 ns, Reaching safepoint: 20487 ns, Cleanup: 26954 ns, At safepoint: 6709 ns, Total: 54150 ns
[2026-02-27T14:20:38.773+0000][52654][info ][safepoint   ] Safepoint "Cleanup", Time since last: 1000177262 ns, Reaching safepoint: 13377 ns, Cleanup: 13547 ns, At safepoint: 3326 ns, Total: 30250 ns
[2026-02-27T14:20:42.774+0000][52654][info ][safepoint   ] Safepoint "Cleanup", Time since last: 4000408440 ns, Reaching safepoint: 57261 ns, Cleanup: 18346 ns, At safepoint: 11115 ns, Total: 86722 ns
[2026-02-27T14:20:48.775+0000][52654][info ][safepoint   ] Safepoint "Cleanup", Time since last: 6000754392 ns, Reaching safepoint: 132393 ns, Cleanup: 40757 ns, At safepoint: 5037 ns, Total: 178187 ns
[2026-02-27T14:21:05.776+0000][52654][info ][safepoint   ] Safepoint "Cleanup", Time since last: 17001873439 ns, Reaching safepoint: 12112 ns, Cleanup: 14646 ns, At safepoint: 3012 ns, Total: 29770 ns
[2026-02-27T14:21:07.777+0000][52654][info ][safepoint   ] Safepoint "Cleanup", Time since last: 2000254503 ns, Reaching safepoint: 20817 ns, Cleanup: 19787 ns, At safepoint: 7028 ns, Total: 47632 ns
[2026-02-27T14:22:37.763+0000][52654][info ][safepoint   ] Safepoint "Cleanup", Time since last: 89985923599 ns, Reaching safepoint: 12683 ns, Cleanup: 17739 ns, At safepoint: 3273 ns, Total: 33695 ns
[2026-02-27T14:24:05.773+0000][52654][info ][safepoint   ] Safepoint "Cleanup", Time since last: 88009825288 ns, Reaching safepoint: 31679 ns, Cleanup: 14841 ns, At safepoint: 2529 ns, Total: 49049 ns
[2026-02-27T14:25:37.783+0000][52654][info ][safepoint   ] Safepoint "Cleanup", Time since last: 92009845638 ns, Reaching safepoint: 35329 ns, Cleanup: 11487 ns, At safepoint: 3051 ns, Total: 49867 ns
[2026-02-27T14:25:39.783+0000][52654][info ][safepoint   ] Safepoint "Cleanup", Time since last: 2000212453 ns, Reaching safepoint: 14239 ns, Cleanup: 12607 ns, At safepoint: 2789 ns, Total: 29635 ns
[2026-02-27T14:25:40.783+0000][52654][info ][safepoint   ] Safepoint "Cleanup", Time since last: 1000218952 ns, Reaching safepoint: 16843 ns, Cleanup: 14682 ns, At safepoint: 5408 ns, Total: 36933 ns
[2026-02-27T14:26:37.789+0000][52654][info ][safepoint   ] Safepoint "Cleanup", Time since last: 57006070671 ns, Reaching safepoint: 11973 ns, Cleanup: 13187 ns, At safepoint: 2833 ns, Total: 27993 ns
[2026-02-27T14:27:07.792+0000][52654][info ][safepoint   ] Safepoint "Cleanup", Time since last: 30002969818 ns, Reaching safepoint: 35103 ns, Cleanup: 13634 ns, At safepoint: 3111 ns, Total: 51848 ns
[2026-02-27T14:28:18.884+0000][52654][info ][safepoint   ] Safepoint "Cleanup", Time since last: 71091529996 ns, Reaching safepoint: 54501 ns, Cleanup: 23560 ns, At safepoint: 5746 ns, Total: 83807 ns
[2026-02-27T14:28:25.884+0000][52654][info ][safepoint   ] Safepoint "Cleanup", Time since last: 7000663138 ns, Reaching safepoint: 36152 ns, Cleanup: 13685 ns, At safepoint: 5239 ns, Total: 55076 ns
[2026-02-27T14:29:37.894+0000][52654][info ][safepoint   ] Safepoint "Cleanup", Time since last: 72009079639 ns, Reaching safepoint: 14316 ns, Cleanup: 15313 ns, At safepoint: 3170 ns, Total: 32799 ns
[2026-02-27T14:30:07.896+0000][52654][info ][safepoint   ] Safepoint "Cleanup", Time since last: 30002461577 ns, Reaching safepoint: 31291 ns, Cleanup: 12676 ns, At safepoint: 2634 ns, Total: 46601 ns
[2026-02-27T14:31:14.902+0000][52654][info ][safepoint   ] Safepoint "Cleanup", Time since last: 67005716323 ns, Reaching safepoint: 104057 ns, Cleanup: 33616 ns, At safepoint: 8643 ns, Total: 146316 ns
[2026-02-27T14:31:18.902+0000][52654][info ][safepoint   ] Safepoint "Cleanup", Time since last: 4000432722 ns, Reaching safepoint: 14434 ns, Cleanup: 11390 ns, At safepoint: 3613 ns, Total: 29437 ns
[2026-02-27T14:31:23.903+0000][52654][info ][safepoint   ] Safepoint "Cleanup", Time since last: 5000488378 ns, Reaching safepoint: 36269 ns, Cleanup: 12065 ns, At safepoint: 2935 ns, Total: 51269 ns
[2026-02-27T14:31:34.904+0000][52654][info ][safepoint   ] Safepoint "Cleanup", Time since last: 11000855303 ns, Reaching safepoint: 13889 ns, Cleanup: 10848 ns, At safepoint: 2827 ns, Total: 27564 ns
[2026-02-27T14:32:07.907+0000][52654][info ][safepoint   ] Safepoint "Cleanup", Time since last: 33002895029 ns, Reaching safepoint: 45948 ns, Cleanup: 18334 ns, At safepoint: 4324 ns, Total: 68606 ns
[2026-02-27T14:33:54.916+0000][52654][info ][safepoint   ] Safepoint "Cleanup", Time since last: 107009359341 ns, Reaching safepoint: 32636 ns, Cleanup: 11725 ns, At safepoint: 3684 ns, Total: 48045 ns
[2026-02-27T14:34:01.182+0000][52654][info ][safepoint   ] Safepoint "Cleanup", Time since last: 6265706293 ns, Reaching safepoint: 11196 ns, Cleanup: 18106 ns, At safepoint: 2790 ns, Total: 32092 ns
[2026-02-27T14:34:02.188+0000][52654][info ][safepoint   ] Safepoint "Cleanup", Time since last: 1006164812 ns, Reaching safepoint: 58231 ns, Cleanup: 21849 ns, At safepoint: 10890 ns, Total: 90970 ns
[2026-02-27T14:34:06.189+0000][52654][info ][safepoint   ] Safepoint "Cleanup", Time since last: 4000329895 ns, Reaching safepoint: 13924 ns, Cleanup: 13430 ns, At safepoint: 3037 ns, Total: 30391 ns
[2026-02-27T14:34:08.399+0000][52654][info ][safepoint   ] Safepoint "Cleanup", Time since last: 2210497914 ns, Reaching safepoint: 15366 ns, Cleanup: 7426 ns, At safepoint: 3656 ns, Total: 26448 ns
[2026-02-27T14:34:09.404+0000][52654][info ][safepoint   ] Safepoint "Cleanup", Time since last: 1004620602 ns, Reaching safepoint: 13738 ns, Cleanup: 15699 ns, At safepoint: 2741 ns, Total: 32178 ns
[2026-02-27T14:34:32.049+0000][52654][info ][safepoint   ] Safepoint "Cleanup", Time since last: 22645125911 ns, Reaching safepoint: 13194 ns, Cleanup: 13120 ns, At safepoint: 2455 ns, Total: 28769 ns
[2026-02-27T14:34:33.117+0000][52654][info ][safepoint   ] Safepoint "Cleanup", Time since last: 1067835661 ns, Reaching safepoint: 7212 ns, Cleanup: 23847 ns, At safepoint: 2307 ns, Total: 33366 ns
[2026-02-27T14:34:34.254+0000][52654][info ][safepoint   ] Safepoint "Cleanup", Time since last: 1136831678 ns, Reaching safepoint: 19591 ns, Cleanup: 119369 ns, At safepoint: 7299 ns, Total: 146259 ns
[2026-02-27T14:34:38.254+0000][52654][info ][safepoint   ] Safepoint "Cleanup", Time since last: 4000424480 ns, Reaching safepoint: 14090 ns, Cleanup: 16281 ns, At safepoint: 3458 ns, Total: 33829 ns
[2026-02-27T14:35:03.257+0000][52654][info ][safepoint   ] Safepoint "Cleanup", Time since last: 25002313786 ns, Reaching safepoint: 62151 ns, Cleanup: 19844 ns, At safepoint: 7713 ns, Total: 89708 ns
[2026-02-27T14:36:25.079+0000][52654][info ][safepoint   ] Safepoint "Cleanup", Time since last: 81821966097 ns, Reaching safepoint: 35586 ns, Cleanup: 12221 ns, At safepoint: 4803 ns, Total: 52610 ns
[2026-02-27T14:36:38.080+0000][52654][info ][safepoint   ] Safepoint "Cleanup", Time since last: 13001143250 ns, Reaching safepoint: 19930 ns, Cleanup: 18287 ns, At safepoint: 6644 ns, Total: 44861 ns
[2026-02-27T14:38:08.090+0000][52654][info ][safepoint   ] Safepoint "Cleanup", Time since last: 90010584170 ns, Reaching safepoint: 61695 ns, Cleanup: 22316 ns, At safepoint: 8452 ns, Total: 92463 ns
[2026-02-27T14:38:49.098+0000][52654][info ][safepoint   ] Safepoint "Cleanup", Time since last: 41007014592 ns, Reaching safepoint: 34241 ns, Cleanup: 14542 ns, At safepoint: 3971 ns, Total: 52754 ns
[2026-02-27T14:38:58.100+0000][52654][info ][safepoint   ] Safepoint "Cleanup", Time since last: 9002013014 ns, Reaching safepoint: 28351 ns, Cleanup: 12386 ns, At safepoint: 6664 ns, Total: 47401 ns
[2026-02-27T14:39:08.101+0000][52654][info ][safepoint   ] Safepoint "Cleanup", Time since last: 10000931963 ns, Reaching safepoint: 76370 ns, Cleanup: 27556 ns, At safepoint: 12382 ns, Total: 116308 ns
[2026-02-27T14:39:24.102+0000][52654][info ][safepoint   ] Safepoint "Cleanup", Time since last: 16001287355 ns, Reaching safepoint: 27751 ns, Cleanup: 17213 ns, At safepoint: 3138 ns, Total: 48102 ns
[2026-02-27T14:39:35.103+0000][52654][info ][safepoint   ] Safepoint "Cleanup", Time since last: 11000928724 ns, Reaching safepoint: 32515 ns, Cleanup: 15400 ns, At safepoint: 3190 ns, Total: 51105 ns
[2026-02-27T14:39:38.103+0000][52654][info ][safepoint   ] Safepoint "Cleanup", Time since last: 3000253499 ns, Reaching safepoint: 32263 ns, Cleanup: 13328 ns, At safepoint: 3102 ns, Total: 48693 ns
[2026-02-27T14:40:08.106+0000][52654][info ][safepoint   ] Safepoint "Cleanup", Time since last: 30002213591 ns, Reaching safepoint: 36269 ns, Cleanup: 12714 ns, At safepoint: 2664 ns, Total: 51647 ns
[2026-02-27T14:40:52.742+0000][52654][info ][safepoint   ] Safepoint "Cleanup", Time since last: 44635986784 ns, Reaching safepoint: 6333 ns, Cleanup: 10680 ns, At safepoint: 2236 ns, Total: 19249 ns
[2026-02-27T14:40:53.742+0000][52654][info ][safepoint   ] Safepoint "Cleanup", Time since last: 1000095953 ns, Reaching safepoint: 27398 ns, Cleanup: 26172 ns, At safepoint: 5001 ns, Total: 58571 ns
[2026-02-27T14:40:55.742+0000][52654][info ][safepoint   ] Safepoint "Cleanup", Time since last: 2000202214 ns, Reaching safepoint: 15294 ns, Cleanup: 20564 ns, At safepoint: 4145 ns, Total: 40003 ns
[2026-02-27T14:41:31.745+0000][52654][info ][safepoint   ] Safepoint "Cleanup", Time since last: 36003080319 ns, Reaching safepoint: 13489 ns, Cleanup: 13269 ns, At safepoint: 30708 ns, Total: 57466 ns
[2026-02-27T14:41:37.746+0000][52654][info ][safepoint   ] Safepoint "Cleanup", Time since last: 6000664370 ns, Reaching safepoint: 14216 ns, Cleanup: 15180 ns, At safepoint: 2978 ns, Total: 32374 ns
[2026-02-27T14:41:54.748+0000][52654][info ][safepoint   ] Safepoint "Cleanup", Time since last: 17001859233 ns, Reaching safepoint: 28832 ns, Cleanup: 28594 ns, At safepoint: 7712 ns, Total: 65138 ns
[2026-02-27T14:42:04.749+0000][52654][info ][safepoint   ] Safepoint "Cleanup", Time since last: 10001577901 ns, Reaching safepoint: 21147 ns, Cleanup: 29213 ns, At safepoint: 6837 ns, Total: 57197 ns
[2026-02-27T14:42:05.750+0000][52654][info ][safepoint   ] Safepoint "Cleanup", Time since last: 1000211606 ns, Reaching safepoint: 21467 ns, Cleanup: 18624 ns, At safepoint: 6783 ns, Total: 46874 ns
[2026-02-27T14:42:19.752+0000][52654][info ][safepoint   ] Safepoint "Cleanup", Time since last: 14002433928 ns, Reaching safepoint: 57139 ns, Cleanup: 19397 ns, At safepoint: 7394 ns, Total: 83930 ns
[2026-02-27T14:42:25.753+0000][52654][info ][safepoint   ] Safepoint "Cleanup", Time since last: 6000529467 ns, Reaching safepoint: 61297 ns, Cleanup: 20290 ns, At safepoint: 11688 ns, Total: 93275 ns
[2026-02-27T14:42:36.754+0000][52654][info ][safepoint   ] Safepoint "Cleanup", Time since last: 11001305844 ns, Reaching safepoint: 36314 ns, Cleanup: 12161 ns, At safepoint: 4631 ns, Total: 53106 ns
[2026-02-27T14:43:18.759+0000][52654][info ][safepoint   ] Safepoint "Cleanup", Time since last: 42005237002 ns, Reaching safepoint: 82859 ns, Cleanup: 18098 ns, At safepoint: 6838 ns, Total: 107795 ns
[2026-02-27T14:43:25.760+0000][52654][info ][safepoint   ] Safepoint "Cleanup", Time since last: 7000952221 ns, Reaching safepoint: 22108 ns, Cleanup: 24424 ns, At safepoint: 7383 ns, Total: 53915 ns
[2026-02-27T14:43:36.762+0000][52654][info ][safepoint   ] Safepoint "Cleanup", Time since last: 11001490335 ns, Reaching safepoint: 19421 ns, Cleanup: 18120 ns, At safepoint: 41362 ns, Total: 78903 ns
[2026-02-27T14:44:29.769+0000][52654][info ][safepoint   ] Safepoint "Cleanup", Time since last: 53006516156 ns, Reaching safepoint: 20980 ns, Cleanup: 18359 ns, At safepoint: 45720 ns, Total: 85059 ns
[2026-02-27T14:45:08.774+0000][52654][info ][safepoint   ] Safepoint "Cleanup", Time since last: 39005170745 ns, Reaching safepoint: 63814 ns, Cleanup: 25144 ns, At safepoint: 7176 ns, Total: 96134 ns
[2026-02-27T14:46:37.785+0000][52654][info ][safepoint   ] Safepoint "Cleanup", Time since last: 89011089405 ns, Reaching safepoint: 21797 ns, Cleanup: 20998 ns, At safepoint: 6665 ns, Total: 49460 ns
[2026-02-27T14:47:48.793+0000][52654][info ][safepoint   ] Safepoint "Cleanup", Time since last: 71008401023 ns, Reaching safepoint: 29643 ns, Cleanup: 11410 ns, At safepoint: 6119 ns, Total: 47172 ns
[2026-02-27T14:48:08.795+0000][52654][info ][safepoint   ] Safepoint "Cleanup", Time since last: 20001911280 ns, Reaching safepoint: 54476 ns, Cleanup: 18615 ns, At safepoint: 7265 ns, Total: 80356 ns
[2026-02-27T14:48:37.799+0000][52654][info ][safepoint   ] Safepoint "Cleanup", Time since last: 29003324144 ns, Reaching safepoint: 55254 ns, Cleanup: 10697 ns, At safepoint: 5016 ns, Total: 70967 ns
[2026-02-27T14:48:38.799+0000][52654][info ][safepoint   ] Safepoint "Cleanup", Time since last: 1000246228 ns, Reaching safepoint: 20927 ns, Cleanup: 18792 ns, At safepoint: 6931 ns, Total: 46650 ns
[2026-02-27T14:49:08.806+0000][52654][info ][safepoint   ] Safepoint "Cleanup", Time since last: 30006802871 ns, Reaching safepoint: 49901 ns, Cleanup: 19321 ns, At safepoint: 4907 ns, Total: 74129 ns
[2026-02-27T14:49:38.810+0000][52654][info ][safepoint   ] Safepoint "Cleanup", Time since last: 30003833963 ns, Reaching safepoint: 61719 ns, Cleanup: 29112 ns, At safepoint: 6736 ns, Total: 97567 ns
[2026-02-27T14:49:39.810+0000][52654][info ][safepoint   ] Safepoint "Cleanup", Time since last: 1000169604 ns, Reaching safepoint: 21458 ns, Cleanup: 19118 ns, At safepoint: 6174 ns, Total: 46750 ns
[2026-02-27T14:49:48.812+0000][52654][info ][safepoint   ] Safepoint "Cleanup", Time since last: 9001380409 ns, Reaching safepoint: 20748 ns, Cleanup: 26889 ns, At safepoint: 6966 ns, Total: 54603 ns
[2026-02-27T14:50:08.814+0000][52654][info ][safepoint   ] Safepoint "Cleanup", Time since last: 20002551412 ns, Reaching safepoint: 52882 ns, Cleanup: 21420 ns, At safepoint: 6709 ns, Total: 81011 ns
[2026-02-27T14:50:38.818+0000][52654][info ][safepoint   ] Safepoint "Cleanup", Time since last: 30003381464 ns, Reaching safepoint: 63891 ns, Cleanup: 19421 ns, At safepoint: 7007 ns, Total: 90319 ns
[2026-02-27T14:56:37.861+0000][52654][info ][safepoint   ] Safepoint "Cleanup", Time since last: 359043234047 ns, Reaching safepoint: 20976 ns, Cleanup: 23191 ns, At safepoint: 5143 ns, Total: 49310 ns
[2026-02-27T14:58:08.871+0000][52654][info ][safepoint   ] Safepoint "Cleanup", Time since last: 91009440769 ns, Reaching safepoint: 32584 ns, Cleanup: 14205 ns, At safepoint: 21210 ns, Total: 67999 ns
[2026-02-27T14:58:37.874+0000][52654][info ][safepoint   ] Safepoint "Cleanup", Time since last: 29003023944 ns, Reaching safepoint: 21337 ns, Cleanup: 18161 ns, At safepoint: 7287 ns, Total: 46785 ns
[2026-02-27T14:59:27.880+0000][52654][info ][safepoint   ] Safepoint "Cleanup", Time since last: 50006078994 ns, Reaching safepoint: 61394 ns, Cleanup: 20177 ns, At safepoint: 7051 ns, Total: 88622 ns
[2026-02-27T15:02:48.901+0000][52654][info ][safepoint   ] Safepoint "Cleanup", Time since last: 201021502609 ns, Reaching safepoint: 57548 ns, Cleanup: 18793 ns, At safepoint: 10957 ns, Total: 87298 ns
[2026-02-27T15:03:07.903+0000][52654][info ][safepoint   ] Safepoint "Cleanup", Time since last: 19001767115 ns, Reaching safepoint: 39668 ns, Cleanup: 10961 ns, At safepoint: 7674 ns, Total: 58303 ns
[2026-02-27T15:04:07.910+0000][52654][info ][safepoint   ] Safepoint "Cleanup", Time since last: 60007074903 ns, Reaching safepoint: 54935 ns, Cleanup: 21878 ns, At safepoint: 7280 ns, Total: 84093 ns
[2026-02-27T15:04:37.915+0000][52654][info ][safepoint   ] Safepoint "Cleanup", Time since last: 30004320405 ns, Reaching safepoint: 59499 ns, Cleanup: 18341 ns, At safepoint: 7499 ns, Total: 85339 ns
[2026-02-27T15:05:30.921+0000][52654][info ][safepoint   ] Safepoint "Cleanup", Time since last: 53006019258 ns, Reaching safepoint: 20644 ns, Cleanup: 18356 ns, At safepoint: 6105 ns, Total: 45105 ns
[2026-02-27T15:06:24.257+0000][52654][info ][safepoint   ] Safepoint "Cleanup", Time since last: 53336334292 ns, Reaching safepoint: 72890 ns, Cleanup: 19212 ns, At safepoint: 4966 ns, Total: 97068 ns
[2026-02-27T15:06:25.272+0000][52654][info ][safepoint   ] Safepoint "Cleanup", Time since last: 1014765997 ns, Reaching safepoint: 4733 ns, Cleanup: 15864 ns, At safepoint: 2240 ns, Total: 22837 ns
[2026-02-27T15:06:26.258+0000][52654][info ][gc,heap,exit] Heap
[2026-02-27T15:06:26.258+0000][52654][info ][gc,heap,exit]  garbage-first heap   total 8056832K, used 1821863K [0x0000000614400000, 0x0000000800000000)
[2026-02-27T15:06:26.258+0000][52654][info ][gc,heap,exit]   region size 4096K, 427 young (1748992K), 10 survivors (40960K)
[2026-02-27T15:06:26.258+0000][52654][info ][gc,heap,exit]  Metaspace       used 141178K, committed 144960K, reserved 1179648K
[2026-02-27T15:06:26.258+0000][52654][info ][gc,heap,exit]   class space    used 19499K, committed 21312K, reserved 1048576K
