[2026-02-27T12:58:07.122+0000][40901][info][gc,init] CardTable entry size: 512
[2026-02-27T12:58:07.122+0000][40901][info][gc     ] Using G1
[2026-02-27T12:58:07.718+0000][40901][info][gc,init] Version: 21.0.1+12-29 (release)
[2026-02-27T12:58:07.718+0000][40901][info][gc,init] CPUs: 8 total, 8 available
[2026-02-27T12:58:07.718+0000][40901][info][gc,init] Memory: 15736M
[2026-02-27T12:58:07.718+0000][40901][info][gc,init] Large Page Support: Disabled
[2026-02-27T12:58:07.718+0000][40901][info][gc,init] NUMA Support: Disabled
[2026-02-27T12:58:07.718+0000][40901][info][gc,init] Compressed Oops: Enabled (Zero based)
[2026-02-27T12:58:07.718+0000][40901][info][gc,init] Heap Region Size: 4M
[2026-02-27T12:58:07.718+0000][40901][info][gc,init] Heap Min Capacity: 7868M
[2026-02-27T12:58:07.718+0000][40901][info][gc,init] Heap Initial Capacity: 7868M
[2026-02-27T12:58:07.718+0000][40901][info][gc,init] Heap Max Capacity: 7868M
[2026-02-27T12:58:07.718+0000][40901][info][gc,init] Pre-touch: Enabled
[2026-02-27T12:58:07.718+0000][40901][info][gc,init] Parallel Workers: 8
[2026-02-27T12:58:07.718+0000][40901][info][gc,init] Concurrent Workers: 2
[2026-02-27T12:58:07.718+0000][40901][info][gc,init] Concurrent Refinement Workers: 8
[2026-02-27T12:58:07.718+0000][40901][info][gc,init] Periodic GC: Disabled
[2026-02-27T12:58:07.724+0000][40901][info][gc,metaspace] CDS archive(s) mapped at: [0x00007761a7000000-0x00007761a7ca5000-0x00007761a7ca5000), size 13258752, SharedBaseAddress: 0x00007761a7000000, ArchiveRelocationMode: 1.
[2026-02-27T12:58:07.724+0000][40901][info][gc,metaspace] Compressed class space mapped at: 0x00007761a8000000-0x00007761e8000000, reserved size: 1073741824
[2026-02-27T12:58:07.724+0000][40901][info][gc,metaspace] Narrow klass base: 0x00007761a7000000, Narrow klass shift: 0, Narrow klass range: 0x100000000
[2026-02-27T12:58:07.902+0000][40901][info][safepoint   ] Safepoint "ICBufferFull", Time since last: 174777184 ns, Reaching safepoint: 2936 ns, Cleanup: 62469 ns, At safepoint: 2629 ns, Total: 68034 ns
[2026-02-27T12:58:08.076+0000][40901][info][safepoint   ] Safepoint "ICBufferFull", Time since last: 174539005 ns, Reaching safepoint: 2424 ns, Cleanup: 69995 ns, At safepoint: 1061 ns, Total: 73480 ns
[2026-02-27T12:58:08.239+0000][40901][info][safepoint   ] Safepoint "ICBufferFull", Time since last: 162762423 ns, Reaching safepoint: 2944 ns, Cleanup: 84590 ns, At safepoint: 1752 ns, Total: 89286 ns
[2026-02-27T12:58:08.422+0000][40901][info][safepoint   ] Safepoint "ICBufferFull", Time since last: 182656143 ns, Reaching safepoint: 2353 ns, Cleanup: 83609 ns, At safepoint: 2453 ns, Total: 88415 ns
[2026-02-27T12:58:08.697+0000][40901][info][safepoint   ] Safepoint "ICBufferFull", Time since last: 275237378 ns, Reaching safepoint: 3396 ns, Cleanup: 93931 ns, At safepoint: 3013 ns, Total: 100340 ns
[2026-02-27T12:58:09.050+0000][40901][info][safepoint   ] Safepoint "ICBufferFull", Time since last: 352520774 ns, Reaching safepoint: 4655 ns, Cleanup: 86058 ns, At safepoint: 1284 ns, Total: 91997 ns
[2026-02-27T12:58:09.163+0000][40901][info][gc,start    ] GC(0) Pause Young (Concurrent Start) (Metadata GC Threshold)
[2026-02-27T12:58:09.163+0000][40901][info][gc,task     ] GC(0) Using 8 workers of 8 for evacuation
[2026-02-27T12:58:09.163+0000][40901][debug][gc,age      ] GC(0) Desired survivor size 27262976 bytes, new threshold 15 (max threshold 15)
[2026-02-27T12:58:09.170+0000][40901][info ][gc,phases   ] GC(0)   Pre Evacuate Collection Set: 0.3ms
[2026-02-27T12:58:09.170+0000][40901][info ][gc,phases   ] GC(0)   Merge Heap Roots: 0.1ms
[2026-02-27T12:58:09.170+0000][40901][info ][gc,phases   ] GC(0)   Evacuate Collection Set: 5.3ms
[2026-02-27T12:58:09.170+0000][40901][info ][gc,phases   ] GC(0)   Post Evacuate Collection Set: 0.8ms
[2026-02-27T12:58:09.170+0000][40901][info ][gc,phases   ] GC(0)   Other: 0.0ms
[2026-02-27T12:58:09.170+0000][40901][trace][gc,age      ] GC(0) Age table with threshold 15 (max threshold 15)
[2026-02-27T12:58:09.170+0000][40901][trace][gc,age      ] GC(0) - age   1:   12863192 bytes,   12863192 total
[2026-02-27T12:58:09.170+0000][40901][info ][gc,heap     ] GC(0) Eden regions: 75->0(94)
[2026-02-27T12:58:09.170+0000][40901][info ][gc,heap     ] GC(0) Survivor regions: 0->4(13)
[2026-02-27T12:58:09.170+0000][40901][info ][gc,heap     ] GC(0) Old regions: 1->1
[2026-02-27T12:58:09.170+0000][40901][info ][gc,heap     ] GC(0) Humongous regions: 0->0
[2026-02-27T12:58:09.170+0000][40901][info ][gc,metaspace] GC(0) Metaspace: 21025K(21504K)->21025K(21504K) NonClass: 18783K(19072K)->18783K(19072K) Class: 2241K(2432K)->2241K(2432K)
[2026-02-27T12:58:09.170+0000][40901][info ][gc          ] GC(0) Pause Young (Concurrent Start) (Metadata GC Threshold) 299M->13M(7868M) 6.737ms
[2026-02-27T12:58:09.170+0000][40901][info ][gc,cpu      ] GC(0) User=0.05s Sys=0.00s Real=0.00s
[2026-02-27T12:58:09.170+0000][40901][info ][gc          ] GC(1) Concurrent Mark Cycle
[2026-02-27T12:58:09.170+0000][40901][info ][gc,marking  ] GC(1) Concurrent Scan Root Regions
[2026-02-27T12:58:09.170+0000][40901][info ][safepoint   ] Safepoint "CollectForMetadataAllocation", Time since last: 113026463 ns, Reaching safepoint: 3438 ns, Cleanup: 50353 ns, At safepoint: 6829364 ns, Total: 6883155 ns
[2026-02-27T12:58:09.174+0000][40901][info ][gc,marking  ] GC(1) Concurrent Scan Root Regions 3.778ms
[2026-02-27T12:58:09.174+0000][40901][info ][gc,marking  ] GC(1) Concurrent Mark
[2026-02-27T12:58:09.174+0000][40901][info ][gc,marking  ] GC(1) Concurrent Mark From Roots
[2026-02-27T12:58:09.174+0000][40901][info ][gc,task     ] GC(1) Using 2 workers of 2 for marking
[2026-02-27T12:58:09.175+0000][40901][info ][gc,marking  ] GC(1) Concurrent Mark From Roots 1.797ms
[2026-02-27T12:58:09.175+0000][40901][info ][gc,marking  ] GC(1) Concurrent Preclean
[2026-02-27T12:58:09.175+0000][40901][info ][gc,marking  ] GC(1) Concurrent Preclean 0.009ms
[2026-02-27T12:58:09.176+0000][40901][info ][gc,start    ] GC(1) Pause Remark
[2026-02-27T12:58:09.178+0000][40901][info ][gc          ] GC(1) Pause Remark 17M->17M(7868M) 2.594ms
[2026-02-27T12:58:09.178+0000][40901][info ][gc,cpu      ] GC(1) User=0.01s Sys=0.00s Real=0.00s
[2026-02-27T12:58:09.178+0000][40901][info ][safepoint   ] Safepoint "G1PauseRemark", Time since last: 5649180 ns, Reaching safepoint: 65808 ns, Cleanup: 10479 ns, At safepoint: 2644389 ns, Total: 2720676 ns
[2026-02-27T12:58:09.178+0000][40901][info ][gc,marking  ] GC(1) Concurrent Mark 4.602ms
[2026-02-27T12:58:09.178+0000][40901][info ][gc,marking  ] GC(1) Concurrent Rebuild Remembered Sets and Scrub Regions
[2026-02-27T12:58:09.179+0000][40901][info ][gc,marking  ] GC(1) Concurrent Rebuild Remembered Sets and Scrub Regions 0.553ms
[2026-02-27T12:58:09.179+0000][40901][info ][gc,start    ] GC(1) Pause Cleanup
[2026-02-27T12:58:09.179+0000][40901][info ][gc          ] GC(1) Pause Cleanup 17M->17M(7868M) 0.195ms
[2026-02-27T12:58:09.179+0000][40901][info ][gc,cpu      ] GC(1) User=0.00s Sys=0.00s Real=0.00s
[2026-02-27T12:58:09.179+0000][40901][info ][safepoint   ] Safepoint "G1PauseCleanup", Time since last: 621338 ns, Reaching safepoint: 130377 ns, Cleanup: 1921 ns, At safepoint: 221403 ns, Total: 353701 ns
[2026-02-27T12:58:09.179+0000][40901][info ][gc,marking  ] GC(1) Concurrent Clear Claimed Marks
[2026-02-27T12:58:09.179+0000][40901][info ][gc,marking  ] GC(1) Concurrent Clear Claimed Marks 0.039ms
[2026-02-27T12:58:09.179+0000][40901][info ][gc,marking  ] GC(1) Concurrent Cleanup for Next Mark
[2026-02-27T12:58:09.189+0000][40901][info ][gc,marking  ] GC(1) Concurrent Cleanup for Next Mark 9.526ms
[2026-02-27T12:58:09.189+0000][40901][info ][gc          ] GC(1) Concurrent Mark Cycle 19.042ms
[2026-02-27T12:58:09.448+0000][40901][info ][safepoint   ] Safepoint "ICBufferFull", Time since last: 268617877 ns, Reaching safepoint: 67490 ns, Cleanup: 99507 ns, At safepoint: 2380 ns, Total: 169377 ns
[2026-02-27T12:58:09.631+0000][40901][info ][safepoint   ] Safepoint "ICBufferFull", Time since last: 182707552 ns, Reaching safepoint: 2449 ns, Cleanup: 78917 ns, At safepoint: 1900 ns, Total: 83266 ns
[2026-02-27T12:58:09.722+0000][40901][info ][gc,start    ] GC(2) Pause Young (Prepare Mixed) (G1 Evacuation Pause)
[2026-02-27T12:58:09.722+0000][40901][info ][gc,task     ] GC(2) Using 8 workers of 8 for evacuation
[2026-02-27T12:58:09.722+0000][40901][debug][gc,age      ] GC(2) Desired survivor size 27262976 bytes, new threshold 15 (max threshold 15)
[2026-02-27T12:58:09.729+0000][40901][info ][gc,phases   ] GC(2)   Pre Evacuate Collection Set: 0.3ms
[2026-02-27T12:58:09.729+0000][40901][info ][gc,phases   ] GC(2)   Merge Heap Roots: 0.0ms
[2026-02-27T12:58:09.729+0000][40901][info ][gc,phases   ] GC(2)   Evacuate Collection Set: 6.0ms
[2026-02-27T12:58:09.729+0000][40901][info ][gc,phases   ] GC(2)   Post Evacuate Collection Set: 0.6ms
[2026-02-27T12:58:09.729+0000][40901][info ][gc,phases   ] GC(2)   Other: 0.1ms
[2026-02-27T12:58:09.729+0000][40901][trace][gc,age      ] GC(2) Age table with threshold 15 (max threshold 15)
[2026-02-27T12:58:09.729+0000][40901][trace][gc,age      ] GC(2) - age   1:   10959480 bytes,   10959480 total
[2026-02-27T12:58:09.729+0000][40901][trace][gc,age      ] GC(2) - age   2:   11790864 bytes,   22750344 total
[2026-02-27T12:58:09.729+0000][40901][info ][gc,heap     ] GC(2) Eden regions: 94->0(92)
[2026-02-27T12:58:09.729+0000][40901][info ][gc,heap     ] GC(2) Survivor regions: 4->6(13)
[2026-02-27T12:58:09.729+0000][40901][info ][gc,heap     ] GC(2) Old regions: 1->1
[2026-02-27T12:58:09.729+0000][40901][info ][gc,heap     ] GC(2) Humongous regions: 0->0
[2026-02-27T12:58:09.729+0000][40901][info ][gc,metaspace] GC(2) Metaspace: 27938K(28608K)->27938K(28608K) NonClass: 24816K(25152K)->24816K(25152K) Class: 3121K(3456K)->3121K(3456K)
[2026-02-27T12:58:09.730+0000][40901][info ][gc          ] GC(2) Pause Young (Prepare Mixed) (G1 Evacuation Pause) 389M->24M(7868M) 7.137ms
[2026-02-27T12:58:09.730+0000][40901][info ][gc,cpu      ] GC(2) User=0.04s Sys=0.00s Real=0.00s
[2026-02-27T12:58:09.730+0000][40901][info ][safepoint   ] Safepoint "G1CollectForAllocation", Time since last: 91596478 ns, Reaching safepoint: 3320 ns, Cleanup: 31800 ns, At safepoint: 7168088 ns, Total: 7203208 ns
[2026-02-27T12:58:10.197+0000][40901][info ][safepoint   ] Safepoint "ICBufferFull", Time since last: 466932452 ns, Reaching safepoint: 2996 ns, Cleanup: 92578 ns, At safepoint: 1678 ns, Total: 97252 ns
[2026-02-27T12:58:10.214+0000][40901][info ][gc,start    ] GC(3) Pause Young (Mixed) (G1 Evacuation Pause)
[2026-02-27T12:58:10.214+0000][40901][info ][gc,task     ] GC(3) Using 8 workers of 8 for evacuation
[2026-02-27T12:58:10.214+0000][40901][debug][gc,age      ] GC(3) Desired survivor size 27262976 bytes, new threshold 15 (max threshold 15)
[2026-02-27T12:58:10.223+0000][40901][info ][gc,phases   ] GC(3)   Pre Evacuate Collection Set: 0.2ms
[2026-02-27T12:58:10.223+0000][40901][info ][gc,phases   ] GC(3)   Merge Heap Roots: 0.0ms
[2026-02-27T12:58:10.223+0000][40901][info ][gc,phases   ] GC(3)   Evacuate Collection Set: 7.6ms
[2026-02-27T12:58:10.223+0000][40901][info ][gc,phases   ] GC(3)   Post Evacuate Collection Set: 0.7ms
[2026-02-27T12:58:10.223+0000][40901][info ][gc,phases   ] GC(3)   Other: 0.0ms
[2026-02-27T12:58:10.223+0000][40901][trace][gc,age      ] GC(3) Age table with threshold 15 (max threshold 15)
[2026-02-27T12:58:10.223+0000][40901][trace][gc,age      ] GC(3) - age   1:    5856632 bytes,    5856632 total
[2026-02-27T12:58:10.223+0000][40901][trace][gc,age      ] GC(3) - age   2:    8588032 bytes,   14444664 total
[2026-02-27T12:58:10.223+0000][40901][trace][gc,age      ] GC(3) - age   3:   11787936 bytes,   26232600 total
[2026-02-27T12:58:10.223+0000][40901][info ][gc,heap     ] GC(3) Eden regions: 92->0(91)
[2026-02-27T12:58:10.223+0000][40901][info ][gc,heap     ] GC(3) Survivor regions: 6->7(13)
[2026-02-27T12:58:10.223+0000][40901][info ][gc,heap     ] GC(3) Old regions: 1->1
[2026-02-27T12:58:10.223+0000][40901][info ][gc,heap     ] GC(3) Humongous regions: 0->0
[2026-02-27T12:58:10.223+0000][40901][info ][gc,metaspace] GC(3) Metaspace: 34173K(34944K)->34173K(34944K) NonClass: 30358K(30784K)->30358K(30784K) Class: 3815K(4160K)->3815K(4160K)
[2026-02-27T12:58:10.223+0000][40901][info ][gc          ] GC(3) Pause Young (Mixed) (G1 Evacuation Pause) 392M->28M(7868M) 8.720ms
[2026-02-27T12:58:10.223+0000][40901][info ][gc,cpu      ] GC(3) User=0.05s Sys=0.00s Real=0.01s
[2026-02-27T12:58:10.223+0000][40901][info ][safepoint   ] Safepoint "G1CollectForAllocation", Time since last: 17503617 ns, Reaching safepoint: 2881 ns, Cleanup: 8784 ns, At safepoint: 8752454 ns, Total: 8764119 ns
[2026-02-27T12:58:10.393+0000][40901][info ][gc,start    ] GC(4) Pause Young (Concurrent Start) (Metadata GC Threshold)
[2026-02-27T12:58:10.393+0000][40901][info ][gc,task     ] GC(4) Using 8 workers of 8 for evacuation
[2026-02-27T12:58:10.393+0000][40901][debug][gc,age      ] GC(4) Desired survivor size 27262976 bytes, new threshold 15 (max threshold 15)
[2026-02-27T12:58:10.403+0000][40901][info ][gc,phases   ] GC(4)   Pre Evacuate Collection Set: 0.3ms
[2026-02-27T12:58:10.403+0000][40901][info ][gc,phases   ] GC(4)   Merge Heap Roots: 0.0ms
[2026-02-27T12:58:10.403+0000][40901][info ][gc,phases   ] GC(4)   Evacuate Collection Set: 8.5ms
[2026-02-27T12:58:10.403+0000][40901][info ][gc,phases   ] GC(4)   Post Evacuate Collection Set: 1.2ms
[2026-02-27T12:58:10.403+0000][40901][info ][gc,phases   ] GC(4)   Other: 0.1ms
[2026-02-27T12:58:10.403+0000][40901][trace][gc,age      ] GC(4) Age table with threshold 15 (max threshold 15)
[2026-02-27T12:58:10.403+0000][40901][trace][gc,age      ] GC(4) - age   1:    3113136 bytes,    3113136 total
[2026-02-27T12:58:10.403+0000][40901][trace][gc,age      ] GC(4) - age   2:    5840360 bytes,    8953496 total
[2026-02-27T12:58:10.403+0000][40901][trace][gc,age      ] GC(4) - age   3:    8584616 bytes,   17538112 total
[2026-02-27T12:58:10.403+0000][40901][trace][gc,age      ] GC(4) - age   4:   11782216 bytes,   29320328 total
[2026-02-27T12:58:10.403+0000][40901][info ][gc,heap     ] GC(4) Eden regions: 35->0(90)
[2026-02-27T12:58:10.403+0000][40901][info ][gc,heap     ] GC(4) Survivor regions: 7->8(13)
[2026-02-27T12:58:10.403+0000][40901][info ][gc,heap     ] GC(4) Old regions: 1->1
[2026-02-27T12:58:10.403+0000][40901][info ][gc,heap     ] GC(4) Humongous regions: 0->0
[2026-02-27T12:58:10.403+0000][40901][info ][gc,metaspace] GC(4) Metaspace: 35603K(36416K)->35603K(36416K) NonClass: 31586K(32064K)->31586K(32064K) Class: 4017K(4352K)->4017K(4352K)
[2026-02-27T12:58:10.403+0000][40901][info ][gc          ] GC(4) Pause Young (Concurrent Start) (Metadata GC Threshold) 168M->30M(7868M) 10.258ms
[2026-02-27T12:58:10.403+0000][40901][info ][gc,cpu      ] GC(4) User=0.07s Sys=0.01s Real=0.01s
[2026-02-27T12:58:10.403+0000][40901][info ][gc          ] GC(5) Concurrent Mark Cycle
[2026-02-27T12:58:10.403+0000][40901][info ][gc,marking  ] GC(5) Concurrent Scan Root Regions
[2026-02-27T12:58:10.403+0000][40901][info ][safepoint   ] Safepoint "CollectForMetadataAllocation", Time since last: 170076759 ns, Reaching safepoint: 4389 ns, Cleanup: 49425 ns, At safepoint: 10373058 ns, Total: 10426872 ns
[2026-02-27T12:58:10.409+0000][40901][info ][gc,marking  ] GC(5) Concurrent Scan Root Regions 5.597ms
[2026-02-27T12:58:10.409+0000][40901][info ][gc,marking  ] GC(5) Concurrent Mark
[2026-02-27T12:58:10.409+0000][40901][info ][gc,marking  ] GC(5) Concurrent Mark From Roots
[2026-02-27T12:58:10.409+0000][40901][info ][gc,task     ] GC(5) Using 2 workers of 2 for marking
[2026-02-27T12:58:10.410+0000][40901][info ][gc,marking  ] GC(5) Concurrent Mark From Roots 1.425ms
[2026-02-27T12:58:10.410+0000][40901][info ][gc,marking  ] GC(5) Concurrent Preclean
[2026-02-27T12:58:10.410+0000][40901][info ][gc,marking  ] GC(5) Concurrent Preclean 0.006ms
[2026-02-27T12:58:10.410+0000][40901][info ][gc,start    ] GC(5) Pause Remark
[2026-02-27T12:58:10.413+0000][40901][info ][gc          ] GC(5) Pause Remark 33M->33M(7868M) 2.960ms
[2026-02-27T12:58:10.413+0000][40901][info ][gc,cpu      ] GC(5) User=0.02s Sys=0.00s Real=0.00s
[2026-02-27T12:58:10.413+0000][40901][info ][safepoint   ] Safepoint "G1PauseRemark", Time since last: 7028813 ns, Reaching safepoint: 2781 ns, Cleanup: 5010 ns, At safepoint: 3028687 ns, Total: 3036478 ns
[2026-02-27T12:58:10.413+0000][40901][info ][gc,marking  ] GC(5) Concurrent Mark 4.527ms
[2026-02-27T12:58:10.413+0000][40901][info ][gc,marking  ] GC(5) Concurrent Rebuild Remembered Sets and Scrub Regions
[2026-02-27T12:58:10.414+0000][40901][info ][gc,marking  ] GC(5) Concurrent Rebuild Remembered Sets and Scrub Regions 0.547ms
[2026-02-27T12:58:10.414+0000][40901][info ][gc,start    ] GC(5) Pause Cleanup
[2026-02-27T12:58:10.414+0000][40901][info ][gc          ] GC(5) Pause Cleanup 33M->33M(7868M) 0.177ms
[2026-02-27T12:58:10.414+0000][40901][info ][gc,cpu      ] GC(5) User=0.00s Sys=0.00s Real=0.00s
[2026-02-27T12:58:10.414+0000][40901][info ][safepoint   ] Safepoint "G1PauseCleanup", Time since last: 634428 ns, Reaching safepoint: 190521 ns, Cleanup: 6320 ns, At safepoint: 196241 ns, Total: 393082 ns
[2026-02-27T12:58:10.414+0000][40901][info ][gc,marking  ] GC(5) Concurrent Clear Claimed Marks
[2026-02-27T12:58:10.414+0000][40901][info ][gc,marking  ] GC(5) Concurrent Clear Claimed Marks 0.055ms
[2026-02-27T12:58:10.414+0000][40901][info ][gc,marking  ] GC(5) Concurrent Cleanup for Next Mark
[2026-02-27T12:58:10.424+0000][40901][info ][gc,marking  ] GC(5) Concurrent Cleanup for Next Mark 9.583ms
[2026-02-27T12:58:10.424+0000][40901][info ][gc          ] GC(5) Concurrent Mark Cycle 20.896ms
[2026-02-27T12:58:10.712+0000][40901][info ][gc,start    ] GC(6) Pause Young (Normal) (G1 Evacuation Pause)
[2026-02-27T12:58:10.712+0000][40901][info ][gc,task     ] GC(6) Using 8 workers of 8 for evacuation
[2026-02-27T12:58:10.712+0000][40901][debug][gc,age      ] GC(6) Desired survivor size 27262976 bytes, new threshold 4 (max threshold 15)
[2026-02-27T12:58:10.721+0000][40901][info ][gc,phases   ] GC(6)   Pre Evacuate Collection Set: 0.3ms
[2026-02-27T12:58:10.721+0000][40901][info ][gc,phases   ] GC(6)   Merge Heap Roots: 0.0ms
[2026-02-27T12:58:10.721+0000][40901][info ][gc,phases   ] GC(6)   Evacuate Collection Set: 8.0ms
[2026-02-27T12:58:10.721+0000][40901][info ][gc,phases   ] GC(6)   Post Evacuate Collection Set: 0.6ms
[2026-02-27T12:58:10.721+0000][40901][info ][gc,phases   ] GC(6)   Other: 0.0ms
[2026-02-27T12:58:10.721+0000][40901][trace][gc,age      ] GC(6) Age table with threshold 4 (max threshold 15)
[2026-02-27T12:58:10.721+0000][40901][trace][gc,age      ] GC(6) - age   1:    3984768 bytes,    3984768 total
[2026-02-27T12:58:10.721+0000][40901][trace][gc,age      ] GC(6) - age   2:    3075168 bytes,    7059936 total
[2026-02-27T12:58:10.721+0000][40901][trace][gc,age      ] GC(6) - age   3:    5837888 bytes,   12897824 total
[2026-02-27T12:58:10.721+0000][40901][trace][gc,age      ] GC(6) - age   4:    8579368 bytes,   21477192 total
[2026-02-27T12:58:10.721+0000][40901][info ][gc,heap     ] GC(6) Eden regions: 90->0(164)
[2026-02-27T12:58:10.721+0000][40901][info ][gc,heap     ] GC(6) Survivor regions: 8->6(13)
[2026-02-27T12:58:10.721+0000][40901][info ][gc,heap     ] GC(6) Old regions: 1->4
[2026-02-27T12:58:10.721+0000][40901][info ][gc,heap     ] GC(6) Humongous regions: 0->0
[2026-02-27T12:58:10.721+0000][40901][info ][gc,metaspace] GC(6) Metaspace: 36690K(37632K)->36690K(37632K) NonClass: 32537K(33088K)->32537K(33088K) Class: 4152K(4544K)->4152K(4544K)
[2026-02-27T12:58:10.721+0000][40901][info ][gc          ] GC(6) Pause Young (Normal) (G1 Evacuation Pause) 390M->36M(7868M) 9.094ms
[2026-02-27T12:58:10.721+0000][40901][info ][gc,cpu      ] GC(6) User=0.06s Sys=0.00s Real=0.01s
[2026-02-27T12:58:10.721+0000][40901][info ][safepoint   ] Safepoint "G1CollectForAllocation", Time since last: 297790485 ns, Reaching safepoint: 3618 ns, Cleanup: 36363 ns, At safepoint: 9134144 ns, Total: 9174125 ns
[2026-02-27T12:58:11.082+0000][40901][info ][safepoint   ] Safepoint "ICBufferFull", Time since last: 360925965 ns, Reaching safepoint: 2764 ns, Cleanup: 95313 ns, At safepoint: 1532 ns, Total: 99609 ns
[2026-02-27T12:58:11.578+0000][40901][info ][safepoint   ] Safepoint "ICBufferFull", Time since last: 495487569 ns, Reaching safepoint: 2548 ns, Cleanup: 73252 ns, At safepoint: 1849 ns, Total: 77649 ns
[2026-02-27T12:58:11.744+0000][40901][info ][gc,start    ] GC(7) Pause Young (Concurrent Start) (Metadata GC Threshold)
[2026-02-27T12:58:11.744+0000][40901][info ][gc,task     ] GC(7) Using 8 workers of 8 for evacuation
[2026-02-27T12:58:11.744+0000][40901][debug][gc,age      ] GC(7) Desired survivor size 46137344 bytes, new threshold 15 (max threshold 15)
[2026-02-27T12:58:11.753+0000][40901][info ][gc,phases   ] GC(7)   Pre Evacuate Collection Set: 0.2ms
[2026-02-27T12:58:11.753+0000][40901][info ][gc,phases   ] GC(7)   Merge Heap Roots: 0.0ms
[2026-02-27T12:58:11.753+0000][40901][info ][gc,phases   ] GC(7)   Evacuate Collection Set: 7.2ms
[2026-02-27T12:58:11.753+0000][40901][info ][gc,phases   ] GC(7)   Post Evacuate Collection Set: 0.7ms
[2026-02-27T12:58:11.753+0000][40901][info ][gc,phases   ] GC(7)   Other: 0.0ms
[2026-02-27T12:58:11.753+0000][40901][trace][gc,age      ] GC(7) Age table with threshold 15 (max threshold 15)
[2026-02-27T12:58:11.753+0000][40901][trace][gc,age      ] GC(7) - age   1:    6634544 bytes,    6634544 total
[2026-02-27T12:58:11.753+0000][40901][trace][gc,age      ] GC(7) - age   2:    3633624 bytes,   10268168 total
[2026-02-27T12:58:11.753+0000][40901][trace][gc,age      ] GC(7) - age   3:    3059856 bytes,   13328024 total
[2026-02-27T12:58:11.753+0000][40901][trace][gc,age      ] GC(7) - age   4:    5824192 bytes,   19152216 total
[2026-02-27T12:58:11.753+0000][40901][trace][gc,age      ] GC(7) - age   5:    8561448 bytes,   27713664 total
[2026-02-27T12:58:11.753+0000][40901][info ][gc,heap     ] GC(7) Eden regions: 86->0(247)
[2026-02-27T12:58:11.753+0000][40901][info ][gc,heap     ] GC(7) Survivor regions: 6->8(22)
[2026-02-27T12:58:11.753+0000][40901][info ][gc,heap     ] GC(7) Old regions: 4->4
[2026-02-27T12:58:11.753+0000][40901][info ][gc,heap     ] GC(7) Humongous regions: 0->0
[2026-02-27T12:58:11.753+0000][40901][info ][gc,metaspace] GC(7) Metaspace: 59646K(60928K)->59646K(60928K) NonClass: 52313K(53056K)->52313K(53056K) Class: 7333K(7872K)->7333K(7872K)
[2026-02-27T12:58:11.753+0000][40901][info ][gc          ] GC(7) Pause Young (Concurrent Start) (Metadata GC Threshold) 378M->41M(7868M) 8.334ms
[2026-02-27T12:58:11.753+0000][40901][info ][gc,cpu      ] GC(7) User=0.06s Sys=0.00s Real=0.01s
[2026-02-27T12:58:11.753+0000][40901][info ][gc          ] GC(8) Concurrent Mark Cycle
[2026-02-27T12:58:11.753+0000][40901][info ][gc,marking  ] GC(8) Concurrent Scan Root Regions
[2026-02-27T12:58:11.753+0000][40901][info ][safepoint   ] Safepoint "CollectForMetadataAllocation", Time since last: 166431536 ns, Reaching safepoint: 2727 ns, Cleanup: 21947 ns, At safepoint: 8413749 ns, Total: 8438423 ns
[2026-02-27T12:58:11.758+0000][40901][info ][gc,marking  ] GC(8) Concurrent Scan Root Regions 4.854ms
[2026-02-27T12:58:11.758+0000][40901][info ][gc,marking  ] GC(8) Concurrent Mark
[2026-02-27T12:58:11.758+0000][40901][info ][gc,marking  ] GC(8) Concurrent Mark From Roots
[2026-02-27T12:58:11.758+0000][40901][info ][gc,task     ] GC(8) Using 2 workers of 2 for marking
[2026-02-27T12:58:11.764+0000][40901][info ][gc,marking  ] GC(8) Concurrent Mark From Roots 6.289ms
[2026-02-27T12:58:11.764+0000][40901][info ][gc,marking  ] GC(8) Concurrent Preclean
[2026-02-27T12:58:11.764+0000][40901][info ][gc,marking  ] GC(8) Concurrent Preclean 0.047ms
[2026-02-27T12:58:11.764+0000][40901][info ][gc,start    ] GC(8) Pause Remark
[2026-02-27T12:58:11.767+0000][40901][info ][gc          ] GC(8) Pause Remark 44M->44M(7868M) 2.361ms
[2026-02-27T12:58:11.767+0000][40901][info ][gc,cpu      ] GC(8) User=0.01s Sys=0.00s Real=0.00s
[2026-02-27T12:58:11.767+0000][40901][info ][safepoint   ] Safepoint "G1PauseRemark", Time since last: 11235330 ns, Reaching safepoint: 66803 ns, Cleanup: 2041 ns, At safepoint: 2410697 ns, Total: 2479541 ns
[2026-02-27T12:58:11.767+0000][40901][info ][gc,marking  ] GC(8) Concurrent Mark 8.886ms
[2026-02-27T12:58:11.767+0000][40901][info ][gc,marking  ] GC(8) Concurrent Rebuild Remembered Sets and Scrub Regions
[2026-02-27T12:58:11.769+0000][40901][info ][gc,marking  ] GC(8) Concurrent Rebuild Remembered Sets and Scrub Regions 2.598ms
[2026-02-27T12:58:11.769+0000][40901][info ][gc,start    ] GC(8) Pause Cleanup
[2026-02-27T12:58:11.769+0000][40901][info ][gc          ] GC(8) Pause Cleanup 44M->44M(7868M) 0.210ms
[2026-02-27T12:58:11.769+0000][40901][info ][gc,cpu      ] GC(8) User=0.00s Sys=0.00s Real=0.00s
[2026-02-27T12:58:11.769+0000][40901][info ][safepoint   ] Safepoint "G1PauseCleanup", Time since last: 2686396 ns, Reaching safepoint: 2704 ns, Cleanup: 9039 ns, At safepoint: 232635 ns, Total: 244378 ns
[2026-02-27T12:58:11.769+0000][40901][info ][gc,marking  ] GC(8) Concurrent Clear Claimed Marks
[2026-02-27T12:58:11.770+0000][40901][info ][gc,marking  ] GC(8) Concurrent Clear Claimed Marks 0.065ms
[2026-02-27T12:58:11.770+0000][40901][info ][gc,marking  ] GC(8) Concurrent Cleanup for Next Mark
[2026-02-27T12:58:11.778+0000][40901][info ][gc,marking  ] GC(8) Concurrent Cleanup for Next Mark 8.815ms
[2026-02-27T12:58:11.778+0000][40901][info ][gc          ] GC(8) Concurrent Mark Cycle 25.638ms
[2026-02-27T12:58:12.887+0000][40901][info ][safepoint   ] Safepoint "ICBufferFull", Time since last: 1116902462 ns, Reaching safepoint: 5008 ns, Cleanup: 119532 ns, At safepoint: 2076 ns, Total: 126616 ns
[2026-02-27T12:58:13.219+0000][40901][info ][safepoint   ] Safepoint "ICBufferFull", Time since last: 332512917 ns, Reaching safepoint: 4194 ns, Cleanup: 98882 ns, At safepoint: 2223 ns, Total: 105299 ns
[2026-02-27T12:58:14.122+0000][40901][info ][safepoint   ] Safepoint "ICBufferFull", Time since last: 902963875 ns, Reaching safepoint: 3574 ns, Cleanup: 116025 ns, At safepoint: 2321 ns, Total: 121920 ns
[2026-02-27T12:58:14.608+0000][40901][info ][safepoint   ] Safepoint "ICBufferFull", Time since last: 485242047 ns, Reaching safepoint: 66104 ns, Cleanup: 82022 ns, At safepoint: 1732 ns, Total: 149858 ns
[2026-02-27T12:58:15.335+0000][40901][info ][safepoint   ] Safepoint "ICBufferFull", Time since last: 727117841 ns, Reaching safepoint: 3660 ns, Cleanup: 80220 ns, At safepoint: 2271 ns, Total: 86151 ns
[2026-02-27T12:58:15.826+0000][40901][info ][gc,start    ] GC(9) Pause Young (Concurrent Start) (Metadata GC Threshold)
[2026-02-27T12:58:15.826+0000][40901][info ][gc,task     ] GC(9) Using 8 workers of 8 for evacuation
[2026-02-27T12:58:15.826+0000][40901][debug][gc,age      ] GC(9) Desired survivor size 67108864 bytes, new threshold 15 (max threshold 15)
[2026-02-27T12:58:15.848+0000][40901][info ][gc,phases   ] GC(9)   Pre Evacuate Collection Set: 0.2ms
[2026-02-27T12:58:15.848+0000][40901][info ][gc,phases   ] GC(9)   Merge Heap Roots: 0.1ms
[2026-02-27T12:58:15.848+0000][40901][info ][gc,phases   ] GC(9)   Evacuate Collection Set: 19.8ms
[2026-02-27T12:58:15.848+0000][40901][info ][gc,phases   ] GC(9)   Post Evacuate Collection Set: 1.5ms
[2026-02-27T12:58:15.848+0000][40901][info ][gc,phases   ] GC(9)   Other: 0.1ms
[2026-02-27T12:58:15.848+0000][40901][trace][gc,age      ] GC(9) Age table with threshold 15 (max threshold 15)
[2026-02-27T12:58:15.848+0000][40901][trace][gc,age      ] GC(9) - age   1:   30765056 bytes,   30765056 total
[2026-02-27T12:58:15.848+0000][40901][trace][gc,age      ] GC(9) - age   2:    6077512 bytes,   36842568 total
[2026-02-27T12:58:15.848+0000][40901][trace][gc,age      ] GC(9) - age   3:    3568624 bytes,   40411192 total
[2026-02-27T12:58:15.848+0000][40901][trace][gc,age      ] GC(9) - age   4:    3045344 bytes,   43456536 total
[2026-02-27T12:58:15.848+0000][40901][trace][gc,age      ] GC(9) - age   5:    5780200 bytes,   49236736 total
[2026-02-27T12:58:15.848+0000][40901][trace][gc,age      ] GC(9) - age   6:    8516152 bytes,   57752888 total
[2026-02-27T12:58:15.848+0000][40901][info ][gc,heap     ] GC(9) Eden regions: 241->0(221)
[2026-02-27T12:58:15.848+0000][40901][info ][gc,heap     ] GC(9) Survivor regions: 8->16(32)
[2026-02-27T12:58:15.848+0000][40901][info ][gc,heap     ] GC(9) Old regions: 4->4
[2026-02-27T12:58:15.848+0000][40901][info ][gc,heap     ] GC(9) Humongous regions: 0->0
[2026-02-27T12:58:15.848+0000][40901][info ][gc,metaspace] GC(9) Metaspace: 100093K(101888K)->100093K(101888K) NonClass: 86980K(88000K)->86980K(88000K) Class: 13113K(13888K)->13113K(13888K)
[2026-02-27T12:58:15.848+0000][40901][info ][gc          ] GC(9) Pause Young (Concurrent Start) (Metadata GC Threshold) 1003M->73M(7868M) 21.757ms
[2026-02-27T12:58:15.848+0000][40901][info ][gc,cpu      ] GC(9) User=0.15s Sys=0.00s Real=0.02s
[2026-02-27T12:58:15.848+0000][40901][info ][gc          ] GC(10) Concurrent Mark Cycle
[2026-02-27T12:58:15.848+0000][40901][info ][gc,marking  ] GC(10) Concurrent Scan Root Regions
[2026-02-27T12:58:15.848+0000][40901][info ][safepoint   ] Safepoint "CollectForMetadataAllocation", Time since last: 491184366 ns, Reaching safepoint: 5102 ns, Cleanup: 63028 ns, At safepoint: 21835946 ns, Total: 21904076 ns
[2026-02-27T12:58:15.867+0000][40901][info ][gc,marking  ] GC(10) Concurrent Scan Root Regions 18.950ms
[2026-02-27T12:58:15.867+0000][40901][info ][gc,marking  ] GC(10) Concurrent Mark
[2026-02-27T12:58:15.867+0000][40901][info ][gc,marking  ] GC(10) Concurrent Mark From Roots
[2026-02-27T12:58:15.867+0000][40901][info ][gc,task     ] GC(10) Using 2 workers of 2 for marking
[2026-02-27T12:58:15.874+0000][40901][info ][gc,marking  ] GC(10) Concurrent Mark From Roots 7.083ms
[2026-02-27T12:58:15.874+0000][40901][info ][gc,marking  ] GC(10) Concurrent Preclean
[2026-02-27T12:58:15.874+0000][40901][info ][gc,marking  ] GC(10) Concurrent Preclean 0.043ms
[2026-02-27T12:58:15.874+0000][40901][info ][gc,start    ] GC(10) Pause Remark
[2026-02-27T12:58:15.878+0000][40901][info ][gc          ] GC(10) Pause Remark 77M->77M(7868M) 3.750ms
[2026-02-27T12:58:15.878+0000][40901][info ][gc,cpu      ] GC(10) User=0.01s Sys=0.00s Real=0.00s
[2026-02-27T12:58:15.878+0000][40901][info ][safepoint   ] Safepoint "G1PauseRemark", Time since last: 26133883 ns, Reaching safepoint: 4457 ns, Cleanup: 12076 ns, At safepoint: 3811498 ns, Total: 3828031 ns
[2026-02-27T12:58:15.878+0000][40901][info ][gc,marking  ] GC(10) Concurrent Mark 11.036ms
[2026-02-27T12:58:15.878+0000][40901][info ][gc,marking  ] GC(10) Concurrent Rebuild Remembered Sets and Scrub Regions
[2026-02-27T12:58:15.880+0000][40901][info ][gc,marking  ] GC(10) Concurrent Rebuild Remembered Sets and Scrub Regions 2.247ms
[2026-02-27T12:58:15.880+0000][40901][info ][gc,start    ] GC(10) Pause Cleanup
[2026-02-27T12:58:15.881+0000][40901][info ][gc          ] GC(10) Pause Cleanup 77M->77M(7868M) 0.235ms
[2026-02-27T12:58:15.881+0000][40901][info ][gc,cpu      ] GC(10) User=0.00s Sys=0.00s Real=0.01s
[2026-02-27T12:58:15.881+0000][40901][info ][safepoint   ] Safepoint "G1PauseCleanup", Time since last: 2337050 ns, Reaching safepoint: 71097 ns, Cleanup: 8002 ns, At safepoint: 275441 ns, Total: 354540 ns
[2026-02-27T12:58:15.881+0000][40901][info ][gc,marking  ] GC(10) Concurrent Clear Claimed Marks
[2026-02-27T12:58:15.881+0000][40901][info ][gc,marking  ] GC(10) Concurrent Clear Claimed Marks 0.238ms
[2026-02-27T12:58:15.881+0000][40901][info ][gc,marking  ] GC(10) Concurrent Cleanup for Next Mark
[2026-02-27T12:58:15.891+0000][40901][info ][gc,marking  ] GC(10) Concurrent Cleanup for Next Mark 10.415ms
[2026-02-27T12:58:15.891+0000][40901][info ][gc          ] GC(10) Concurrent Mark Cycle 43.430ms
[2026-02-27T12:58:16.317+0000][40901][info ][safepoint   ] Safepoint "ICBufferFull", Time since last: 436514573 ns, Reaching safepoint: 4757 ns, Cleanup: 94594 ns, At safepoint: 2980 ns, Total: 102331 ns
[2026-02-27T12:58:16.892+0000][40901][info ][safepoint   ] Safepoint "ICBufferFull", Time since last: 574484283 ns, Reaching safepoint: 4067 ns, Cleanup: 87617 ns, At safepoint: 1790 ns, Total: 93474 ns
[2026-02-27T12:58:17.107+0000][40901][info ][safepoint   ] Safepoint "ICBufferFull", Time since last: 215638977 ns, Reaching safepoint: 8046 ns, Cleanup: 91141 ns, At safepoint: 2835 ns, Total: 102022 ns
[2026-02-27T12:58:17.108+0000][40901][info ][safepoint   ] Safepoint "ICBufferFull", Time since last: 70451 ns, Reaching safepoint: 1523 ns, Cleanup: 547 ns, At safepoint: 962 ns, Total: 3032 ns
[2026-02-27T12:58:17.108+0000][40901][info ][safepoint   ] Safepoint "ICBufferFull", Time since last: 53676 ns, Reaching safepoint: 46036 ns, Cleanup: 3338 ns, At safepoint: 7783 ns, Total: 57157 ns
[2026-02-27T12:58:17.109+0000][40901][info ][safepoint   ] Safepoint "ICBufferFull", Time since last: 859237 ns, Reaching safepoint: 78527 ns, Cleanup: 17579 ns, At safepoint: 17556 ns, Total: 113662 ns
[2026-02-27T12:58:17.110+0000][40901][info ][safepoint   ] Safepoint "ICBufferFull", Time since last: 807068 ns, Reaching safepoint: 71562 ns, Cleanup: 4477 ns, At safepoint: 9472 ns, Total: 85511 ns
[2026-02-27T12:58:17.110+0000][40901][info ][safepoint   ] Safepoint "ICBufferFull", Time since last: 72196 ns, Reaching safepoint: 21479 ns, Cleanup: 2056 ns, At safepoint: 233308 ns, Total: 256843 ns
[2026-02-27T12:58:17.110+0000][40901][info ][safepoint   ] Safepoint "ICBufferFull", Time since last: 30706 ns, Reaching safepoint: 67272 ns, Cleanup: 2017 ns, At safepoint: 2086 ns, Total: 71375 ns
[2026-02-27T12:58:17.110+0000][40901][info ][safepoint   ] Safepoint "ICBufferFull", Time since last: 19050 ns, Reaching safepoint: 64214 ns, Cleanup: 339 ns, At safepoint: 2296 ns, Total: 66849 ns
[2026-02-27T12:58:17.421+0000][40901][info ][safepoint   ] Safepoint "ICBufferFull", Time since last: 311208822 ns, Reaching safepoint: 9790 ns, Cleanup: 77921 ns, At safepoint: 3196 ns, Total: 90907 ns
[2026-02-27T12:58:17.667+0000][40901][info ][safepoint   ] Safepoint "ICBufferFull", Time since last: 245697317 ns, Reaching safepoint: 10018 ns, Cleanup: 89019 ns, At safepoint: 4577 ns, Total: 103614 ns
[2026-02-27T12:58:18.667+0000][40901][info ][safepoint   ] Safepoint "Cleanup", Time since last: 1000115954 ns, Reaching safepoint: 9170 ns, Cleanup: 25545 ns, At safepoint: 2511 ns, Total: 37226 ns
[2026-02-27T12:58:19.667+0000][40901][info ][safepoint   ] Safepoint "Cleanup", Time since last: 1000109923 ns, Reaching safepoint: 16519 ns, Cleanup: 28461 ns, At safepoint: 4949 ns, Total: 49929 ns
[2026-02-27T12:58:20.668+0000][40901][info ][safepoint   ] Safepoint "Cleanup", Time since last: 1000152652 ns, Reaching safepoint: 8979 ns, Cleanup: 11128 ns, At safepoint: 1723 ns, Total: 21830 ns
[2026-02-27T12:58:22.668+0000][40901][info ][safepoint   ] Safepoint "Cleanup", Time since last: 2000291667 ns, Reaching safepoint: 49381 ns, Cleanup: 22554 ns, At safepoint: 5721 ns, Total: 77656 ns
[2026-02-27T12:58:25.668+0000][40901][info ][safepoint   ] Safepoint "Cleanup", Time since last: 3000369537 ns, Reaching safepoint: 16332 ns, Cleanup: 21811 ns, At safepoint: 6181 ns, Total: 44324 ns
[2026-02-27T12:58:26.669+0000][40901][info ][safepoint   ] Safepoint "Cleanup", Time since last: 1000157154 ns, Reaching safepoint: 15878 ns, Cleanup: 17846 ns, At safepoint: 5332 ns, Total: 39056 ns
[2026-02-27T12:58:29.669+0000][40901][info ][safepoint   ] Safepoint "Cleanup", Time since last: 3000350574 ns, Reaching safepoint: 20385 ns, Cleanup: 20644 ns, At safepoint: 5498 ns, Total: 46527 ns
[2026-02-27T12:58:37.670+0000][40901][info ][safepoint   ] Safepoint "Cleanup", Time since last: 8000923146 ns, Reaching safepoint: 55570 ns, Cleanup: 23410 ns, At safepoint: 6168 ns, Total: 85148 ns
[2026-02-27T12:58:44.671+0000][40901][info ][safepoint   ] Safepoint "Cleanup", Time since last: 7000864608 ns, Reaching safepoint: 22603 ns, Cleanup: 11230 ns, At safepoint: 2403 ns, Total: 36236 ns
[2026-02-27T12:58:45.671+0000][40901][info ][safepoint   ] Safepoint "Cleanup", Time since last: 1000102217 ns, Reaching safepoint: 13122 ns, Cleanup: 13544 ns, At safepoint: 3125 ns, Total: 29791 ns
[2026-02-27T12:58:47.671+0000][40901][info ][safepoint   ] Safepoint "Cleanup", Time since last: 2000294527 ns, Reaching safepoint: 10715 ns, Cleanup: 19137 ns, At safepoint: 2312 ns, Total: 32164 ns
[2026-02-27T12:58:49.672+0000][40901][info ][safepoint   ] Safepoint "Cleanup", Time since last: 2000173460 ns, Reaching safepoint: 11613 ns, Cleanup: 9781 ns, At safepoint: 2347 ns, Total: 23741 ns
[2026-02-27T12:58:50.672+0000][40901][info ][safepoint   ] Safepoint "Cleanup", Time since last: 1000109483 ns, Reaching safepoint: 10657 ns, Cleanup: 12185 ns, At safepoint: 2251 ns, Total: 25093 ns
[2026-02-27T12:58:51.672+0000][40901][info ][safepoint   ] Safepoint "Cleanup", Time since last: 1000124401 ns, Reaching safepoint: 11825 ns, Cleanup: 11606 ns, At safepoint: 2621 ns, Total: 26052 ns
[2026-02-27T12:58:53.672+0000][40901][info ][safepoint   ] Safepoint "Cleanup", Time since last: 2000221457 ns, Reaching safepoint: 8564 ns, Cleanup: 10458 ns, At safepoint: 1615 ns, Total: 20637 ns
[2026-02-27T12:58:54.672+0000][40901][info ][safepoint   ] Safepoint "Cleanup", Time since last: 1000100417 ns, Reaching safepoint: 11743 ns, Cleanup: 11426 ns, At safepoint: 2172 ns, Total: 25341 ns
[2026-02-27T12:58:55.672+0000][40901][info ][safepoint   ] Safepoint "Cleanup", Time since last: 1000115439 ns, Reaching safepoint: 30192 ns, Cleanup: 11917 ns, At safepoint: 4793 ns, Total: 46902 ns
[2026-02-27T12:58:56.673+0000][40901][info ][safepoint   ] Safepoint "Cleanup", Time since last: 1000116558 ns, Reaching safepoint: 37917 ns, Cleanup: 52056 ns, At safepoint: 6877 ns, Total: 96850 ns
[2026-02-27T12:58:59.673+0000][40901][info ][safepoint   ] Safepoint "Cleanup", Time since last: 3000273325 ns, Reaching safepoint: 9209 ns, Cleanup: 18416 ns, At safepoint: 1384 ns, Total: 29009 ns
[2026-02-27T12:59:00.673+0000][40901][info ][safepoint   ] Safepoint "Cleanup", Time since last: 1000108605 ns, Reaching safepoint: 17923 ns, Cleanup: 9188 ns, At safepoint: 3172 ns, Total: 30283 ns
[2026-02-27T12:59:07.250+0000][40901][info ][safepoint   ] Safepoint "Cleanup", Time since last: 6577135200 ns, Reaching safepoint: 16394 ns, Cleanup: 10753 ns, At safepoint: 1672 ns, Total: 28819 ns
[2026-02-27T12:59:08.250+0000][40901][info ][safepoint   ] Safepoint "Cleanup", Time since last: 1000117309 ns, Reaching safepoint: 10535 ns, Cleanup: 14952 ns, At safepoint: 1821 ns, Total: 27308 ns
[2026-02-27T12:59:12.251+0000][40901][info ][safepoint   ] Safepoint "Cleanup", Time since last: 4000420846 ns, Reaching safepoint: 20351 ns, Cleanup: 9606 ns, At safepoint: 2199 ns, Total: 32156 ns
[2026-02-27T12:59:16.251+0000][40901][info ][safepoint   ] Safepoint "Cleanup", Time since last: 4000310833 ns, Reaching safepoint: 8351 ns, Cleanup: 11314 ns, At safepoint: 1915 ns, Total: 21580 ns
[2026-02-27T12:59:18.251+0000][40901][info ][safepoint   ] Safepoint "Cleanup", Time since last: 2000191553 ns, Reaching safepoint: 9045 ns, Cleanup: 19044 ns, At safepoint: 2636 ns, Total: 30725 ns
[2026-02-27T12:59:37.253+0000][40901][info ][safepoint   ] Safepoint "Cleanup", Time since last: 19001399430 ns, Reaching safepoint: 30149 ns, Cleanup: 13749 ns, At safepoint: 2098 ns, Total: 45996 ns
[2026-02-27T12:59:41.253+0000][40901][info ][safepoint   ] Safepoint "Cleanup", Time since last: 4000271558 ns, Reaching safepoint: 29589 ns, Cleanup: 12817 ns, At safepoint: 4413 ns, Total: 46819 ns
[2026-02-27T12:59:43.253+0000][40901][info ][safepoint   ] Safepoint "Cleanup", Time since last: 2000186386 ns, Reaching safepoint: 8388 ns, Cleanup: 10081 ns, At safepoint: 1537 ns, Total: 20006 ns
[2026-02-27T12:59:47.254+0000][40901][info ][safepoint   ] Safepoint "Cleanup", Time since last: 4000285014 ns, Reaching safepoint: 24893 ns, Cleanup: 12642 ns, At safepoint: 4131 ns, Total: 41666 ns
[2026-02-27T12:59:48.254+0000][40901][info ][safepoint   ] Safepoint "Cleanup", Time since last: 1000191105 ns, Reaching safepoint: 9828 ns, Cleanup: 12065 ns, At safepoint: 2301 ns, Total: 24194 ns
[2026-02-27T12:59:49.254+0000][40901][info ][safepoint   ] Safepoint "Cleanup", Time since last: 1000120360 ns, Reaching safepoint: 8068 ns, Cleanup: 8818 ns, At safepoint: 1945 ns, Total: 18831 ns
[2026-02-27T12:59:54.255+0000][40901][info ][safepoint   ] Safepoint "Cleanup", Time since last: 5000468750 ns, Reaching safepoint: 27920 ns, Cleanup: 11085 ns, At safepoint: 2542 ns, Total: 41547 ns
[2026-02-27T12:59:56.330+0000][40901][info ][safepoint   ] Safepoint "Cleanup", Time since last: 2074920728 ns, Reaching safepoint: 71954 ns, Cleanup: 8103 ns, At safepoint: 5542 ns, Total: 85599 ns
[2026-02-27T12:59:57.330+0000][40901][info ][safepoint   ] Safepoint "Cleanup", Time since last: 1000101017 ns, Reaching safepoint: 11055 ns, Cleanup: 31833 ns, At safepoint: 1979 ns, Total: 44867 ns
[2026-02-27T12:59:59.459+0000][40901][info ][safepoint   ] Safepoint "Cleanup", Time since last: 2128942045 ns, Reaching safepoint: 67976 ns, Cleanup: 7041 ns, At safepoint: 1643 ns, Total: 76660 ns
[2026-02-27T13:00:00.459+0000][40901][info ][safepoint   ] Safepoint "Cleanup", Time since last: 1000122934 ns, Reaching safepoint: 8262 ns, Cleanup: 15091 ns, At safepoint: 1647 ns, Total: 25000 ns
[2026-02-27T13:00:18.271+0000][40901][info ][safepoint   ] Safepoint "Cleanup", Time since last: 17811722192 ns, Reaching safepoint: 15134 ns, Cleanup: 17457 ns, At safepoint: 5329 ns, Total: 37920 ns
[2026-02-27T13:00:19.271+0000][40901][info ][safepoint   ] Safepoint "Cleanup", Time since last: 1000189249 ns, Reaching safepoint: 15008 ns, Cleanup: 17886 ns, At safepoint: 4917 ns, Total: 37811 ns
[2026-02-27T13:00:21.271+0000][40901][info ][safepoint   ] Safepoint "Cleanup", Time since last: 2000381396 ns, Reaching safepoint: 48664 ns, Cleanup: 18529 ns, At safepoint: 9271 ns, Total: 76464 ns
[2026-02-27T13:00:22.272+0000][40901][info ][safepoint   ] Safepoint "Cleanup", Time since last: 1000216593 ns, Reaching safepoint: 14783 ns, Cleanup: 21183 ns, At safepoint: 5457 ns, Total: 41423 ns
[2026-02-27T13:00:31.273+0000][40901][info ][safepoint   ] Safepoint "Cleanup", Time since last: 9000889229 ns, Reaching safepoint: 23145 ns, Cleanup: 13031 ns, At safepoint: 15495 ns, Total: 51671 ns
[2026-02-27T13:00:41.274+0000][40901][info ][safepoint   ] Safepoint "Cleanup", Time since last: 10000942597 ns, Reaching safepoint: 53044 ns, Cleanup: 29273 ns, At safepoint: 5889 ns, Total: 88206 ns
[2026-02-27T13:00:47.274+0000][40901][info ][safepoint   ] Safepoint "Cleanup", Time since last: 6000471357 ns, Reaching safepoint: 16361 ns, Cleanup: 7654 ns, At safepoint: 9348 ns, Total: 33363 ns
[2026-02-27T13:00:48.274+0000][40901][info ][safepoint   ] Safepoint "Cleanup", Time since last: 1000092312 ns, Reaching safepoint: 9848 ns, Cleanup: 10770 ns, At safepoint: 2124 ns, Total: 22742 ns
[2026-02-27T13:00:54.275+0000][40901][info ][safepoint   ] Safepoint "Cleanup", Time since last: 6000425344 ns, Reaching safepoint: 18611 ns, Cleanup: 10527 ns, At safepoint: 2540 ns, Total: 31678 ns
[2026-02-27T13:00:59.275+0000][40901][info ][safepoint   ] Safepoint "Cleanup", Time since last: 5000368109 ns, Reaching safepoint: 23237 ns, Cleanup: 9567 ns, At safepoint: 3113 ns, Total: 35917 ns
[2026-02-27T13:01:04.275+0000][40901][info ][safepoint   ] Safepoint "Cleanup", Time since last: 5000385339 ns, Reaching safepoint: 36940 ns, Cleanup: 36368 ns, At safepoint: 6379 ns, Total: 79687 ns
[2026-02-27T13:01:07.926+0000][40901][info ][safepoint   ] Safepoint "Cleanup", Time since last: 3650763314 ns, Reaching safepoint: 5957 ns, Cleanup: 9763 ns, At safepoint: 2341 ns, Total: 18061 ns
[2026-02-27T13:01:08.927+0000][40901][info ][safepoint   ] Safepoint "Cleanup", Time since last: 1000383030 ns, Reaching safepoint: 101371 ns, Cleanup: 146572 ns, At safepoint: 19705 ns, Total: 267648 ns
[2026-02-27T13:01:11.927+0000][40901][info ][safepoint   ] Safepoint "Cleanup", Time since last: 3000302426 ns, Reaching safepoint: 11695 ns, Cleanup: 10446 ns, At safepoint: 2200 ns, Total: 24341 ns
[2026-02-27T13:01:17.928+0000][40901][info ][safepoint   ] Safepoint "Cleanup", Time since last: 6000405172 ns, Reaching safepoint: 9428 ns, Cleanup: 9238 ns, At safepoint: 1969 ns, Total: 20635 ns
[2026-02-27T13:01:18.928+0000][40901][info ][safepoint   ] Safepoint "Cleanup", Time since last: 1000096776 ns, Reaching safepoint: 11750 ns, Cleanup: 11132 ns, At safepoint: 2101 ns, Total: 24983 ns
[2026-02-27T13:01:24.928+0000][40901][info ][safepoint   ] Safepoint "Cleanup", Time since last: 6000426392 ns, Reaching safepoint: 26688 ns, Cleanup: 11696 ns, At safepoint: 3402 ns, Total: 41786 ns
[2026-02-27T13:01:27.929+0000][40901][info ][safepoint   ] Safepoint "Cleanup", Time since last: 3000215642 ns, Reaching safepoint: 13232 ns, Cleanup: 13814 ns, At safepoint: 19613 ns, Total: 46659 ns
[2026-02-27T13:01:34.929+0000][40901][info ][safepoint   ] Safepoint "Cleanup", Time since last: 7000527522 ns, Reaching safepoint: 26877 ns, Cleanup: 12350 ns, At safepoint: 2605 ns, Total: 41832 ns
[2026-02-27T13:01:47.930+0000][40901][info ][safepoint   ] Safepoint "Cleanup", Time since last: 13001083260 ns, Reaching safepoint: 15653 ns, Cleanup: 20149 ns, At safepoint: 5647 ns, Total: 41449 ns
[2026-02-27T13:02:02.932+0000][40901][info ][safepoint   ] Safepoint "Cleanup", Time since last: 15002062282 ns, Reaching safepoint: 52340 ns, Cleanup: 18199 ns, At safepoint: 5803 ns, Total: 76342 ns
[2026-02-27T13:02:07.933+0000][40901][info ][safepoint   ] Safepoint "Cleanup", Time since last: 5000616204 ns, Reaching safepoint: 16351 ns, Cleanup: 17609 ns, At safepoint: 37957 ns, Total: 71917 ns
[2026-02-27T13:02:14.934+0000][40901][info ][safepoint   ] Safepoint "Cleanup", Time since last: 7000726401 ns, Reaching safepoint: 49282 ns, Cleanup: 18367 ns, At safepoint: 5033 ns, Total: 72682 ns
[2026-02-27T13:02:15.934+0000][40901][info ][safepoint   ] Safepoint "Cleanup", Time since last: 1000148034 ns, Reaching safepoint: 17235 ns, Cleanup: 21573 ns, At safepoint: 5348 ns, Total: 44156 ns
[2026-02-27T13:02:17.934+0000][40901][info ][safepoint   ] Safepoint "Cleanup", Time since last: 2000303637 ns, Reaching safepoint: 59898 ns, Cleanup: 18567 ns, At safepoint: 5659 ns, Total: 84124 ns
[2026-02-27T13:02:23.935+0000][40901][info ][safepoint   ] Safepoint "Cleanup", Time since last: 6000748655 ns, Reaching safepoint: 49256 ns, Cleanup: 18306 ns, At safepoint: 5395 ns, Total: 72957 ns
[2026-02-27T13:02:24.935+0000][40901][info ][safepoint   ] Safepoint "Cleanup", Time since last: 1000181831 ns, Reaching safepoint: 15868 ns, Cleanup: 17854 ns, At safepoint: 5522 ns, Total: 39244 ns
[2026-02-27T13:02:30.936+0000][40901][info ][safepoint   ] Safepoint "Cleanup", Time since last: 6000766352 ns, Reaching safepoint: 49702 ns, Cleanup: 19889 ns, At safepoint: 5203 ns, Total: 74794 ns
[2026-02-27T13:02:34.937+0000][40901][info ][safepoint   ] Safepoint "Cleanup", Time since last: 4000433095 ns, Reaching safepoint: 49186 ns, Cleanup: 20712 ns, At safepoint: 5949 ns, Total: 75847 ns
[2026-02-27T13:03:19.941+0000][40901][info ][safepoint   ] Safepoint "Cleanup", Time since last: 45003799246 ns, Reaching safepoint: 16122 ns, Cleanup: 32546 ns, At safepoint: 3886 ns, Total: 52554 ns
[2026-02-27T13:03:26.941+0000][40901][info ][safepoint   ] Safepoint "Cleanup", Time since last: 7000655526 ns, Reaching safepoint: 9589 ns, Cleanup: 17974 ns, At safepoint: 2319 ns, Total: 29882 ns
[2026-02-27T13:03:28.408+0000][40901][info ][safepoint   ] Safepoint "Cleanup", Time since last: 1466797985 ns, Reaching safepoint: 44688 ns, Cleanup: 43695 ns, At safepoint: 9927 ns, Total: 98310 ns
[2026-02-27T13:03:29.418+0000][40901][info ][gc,heap,exit] Heap
[2026-02-27T13:03:29.418+0000][40901][info ][gc,heap,exit]  garbage-first heap   total 8056832K, used 634265K [0x0000000614400000, 0x0000000800000000)
[2026-02-27T13:03:29.418+0000][40901][info ][gc,heap,exit]   region size 4096K, 151 young (618496K), 16 survivors (65536K)
[2026-02-27T13:03:29.418+0000][40901][info ][gc,heap,exit]  Metaspace       used 136254K, committed 139968K, reserved 1179648K
[2026-02-27T13:03:29.418+0000][40901][info ][gc,heap,exit]   class space    used 18874K, committed 20672K, reserved 1048576K
