[2026-02-27T12:56:03.963+0000][39756][info][gc,init] CardTable entry size: 512
[2026-02-27T12:56:03.963+0000][39756][info][gc     ] Using G1
[2026-02-27T12:56:03.964+0000][39756][info][gc,init] Version: 21.0.1+12-29 (release)
[2026-02-27T12:56:03.964+0000][39756][info][gc,init] CPUs: 8 total, 8 available
[2026-02-27T12:56:03.964+0000][39756][info][gc,init] Memory: 15736M
[2026-02-27T12:56:03.964+0000][39756][info][gc,init] Large Page Support: Disabled
[2026-02-27T12:56:03.964+0000][39756][info][gc,init] NUMA Support: Disabled
[2026-02-27T12:56:03.964+0000][39756][info][gc,init] Compressed Oops: Enabled (Zero based)
[2026-02-27T12:56:03.964+0000][39756][info][gc,init] Heap Region Size: 2M
[2026-02-27T12:56:03.964+0000][39756][info][gc,init] Heap Min Capacity: 8M
[2026-02-27T12:56:03.964+0000][39756][info][gc,init] Heap Initial Capacity: 246M
[2026-02-27T12:56:03.964+0000][39756][info][gc,init] Heap Max Capacity: 3936M
[2026-02-27T12:56:03.964+0000][39756][info][gc,init] Pre-touch: Disabled
[2026-02-27T12:56:03.964+0000][39756][info][gc,init] Parallel Workers: 8
[2026-02-27T12:56:03.964+0000][39756][info][gc,init] Concurrent Workers: 2
[2026-02-27T12:56:03.964+0000][39756][info][gc,init] Concurrent Refinement Workers: 8
[2026-02-27T12:56:03.964+0000][39756][info][gc,init] Periodic GC: Disabled
[2026-02-27T12:56:03.969+0000][39756][info][gc,metaspace] CDS archive(s) mapped at: [0x00007dd317000000-0x00007dd317ca5000-0x00007dd317ca5000), size 13258752, SharedBaseAddress: 0x00007dd317000000, ArchiveRelocationMode: 1.
[2026-02-27T12:56:03.969+0000][39756][info][gc,metaspace] Compressed class space mapped at: 0x00007dd318000000-0x00007dd358000000, reserved size: 1073741824
[2026-02-27T12:56:03.969+0000][39756][info][gc,metaspace] Narrow klass base: 0x00007dd317000000, Narrow klass shift: 0, Narrow klass range: 0x100000000
[2026-02-27T12:56:04.004+0000][39756][info][gc,heap,exit] Heap
[2026-02-27T12:56:04.004+0000][39756][info][gc,heap,exit]  garbage-first heap   total 253952K, used 4004K [0x000000070a000000, 0x0000000800000000)
[2026-02-27T12:56:04.004+0000][39756][info][gc,heap,exit]   region size 2048K, 2 young (4096K), 0 survivors (0K)
[2026-02-27T12:56:04.004+0000][39756][info][gc,heap,exit]  Metaspace       used 224K, committed 448K, reserved 1114112K
[2026-02-27T12:56:04.004+0000][39756][info][gc,heap,exit]   class space    used 6K, committed 128K, reserved 1048576K
